Archive member included to satisfy reference by file (symbol)

c:/st/stm32cubeide_1.7.0/stm32cubeide/plugins/com.st.stm32cube.ide.mcu.externaltools.gnu-tools-for-stm32.10.3-2021.10.win32_1.0.0.202111181127/tools/bin/../lib/gcc/arm-none-eabi/10.3.1/../../../../arm-none-eabi/lib/thumb/v7-m/nofp\libc_nano.a(lib_a-errno.o)
                              ./Core/Src/syscalls.o (__errno)
c:/st/stm32cubeide_1.7.0/stm32cubeide/plugins/com.st.stm32cube.ide.mcu.externaltools.gnu-tools-for-stm32.10.3-2021.10.win32_1.0.0.202111181127/tools/bin/../lib/gcc/arm-none-eabi/10.3.1/../../../../arm-none-eabi/lib/thumb/v7-m/nofp\libc_nano.a(lib_a-exit.o)
                              c:/st/stm32cubeide_1.7.0/stm32cubeide/plugins/com.st.stm32cube.ide.mcu.externaltools.gnu-tools-for-stm32.10.3-2021.10.win32_1.0.0.202111181127/tools/bin/../lib/gcc/arm-none-eabi/10.3.1/../../../../arm-none-eabi/lib/thumb/v7-m/nofp/crt0.o (exit)
c:/st/stm32cubeide_1.7.0/stm32cubeide/plugins/com.st.stm32cube.ide.mcu.externaltools.gnu-tools-for-stm32.10.3-2021.10.win32_1.0.0.202111181127/tools/bin/../lib/gcc/arm-none-eabi/10.3.1/../../../../arm-none-eabi/lib/thumb/v7-m/nofp\libc_nano.a(lib_a-impure.o)
                              c:/st/stm32cubeide_1.7.0/stm32cubeide/plugins/com.st.stm32cube.ide.mcu.externaltools.gnu-tools-for-stm32.10.3-2021.10.win32_1.0.0.202111181127/tools/bin/../lib/gcc/arm-none-eabi/10.3.1/../../../../arm-none-eabi/lib/thumb/v7-m/nofp\libc_nano.a(lib_a-exit.o) (_global_impure_ptr)
c:/st/stm32cubeide_1.7.0/stm32cubeide/plugins/com.st.stm32cube.ide.mcu.externaltools.gnu-tools-for-stm32.10.3-2021.10.win32_1.0.0.202111181127/tools/bin/../lib/gcc/arm-none-eabi/10.3.1/../../../../arm-none-eabi/lib/thumb/v7-m/nofp\libc_nano.a(lib_a-init.o)
                              c:/st/stm32cubeide_1.7.0/stm32cubeide/plugins/com.st.stm32cube.ide.mcu.externaltools.gnu-tools-for-stm32.10.3-2021.10.win32_1.0.0.202111181127/tools/bin/../lib/gcc/arm-none-eabi/10.3.1/../../../../arm-none-eabi/lib/thumb/v7-m/nofp/crt0.o (__libc_init_array)
c:/st/stm32cubeide_1.7.0/stm32cubeide/plugins/com.st.stm32cube.ide.mcu.externaltools.gnu-tools-for-stm32.10.3-2021.10.win32_1.0.0.202111181127/tools/bin/../lib/gcc/arm-none-eabi/10.3.1/../../../../arm-none-eabi/lib/thumb/v7-m/nofp\libc_nano.a(lib_a-memset.o)
                              c:/st/stm32cubeide_1.7.0/stm32cubeide/plugins/com.st.stm32cube.ide.mcu.externaltools.gnu-tools-for-stm32.10.3-2021.10.win32_1.0.0.202111181127/tools/bin/../lib/gcc/arm-none-eabi/10.3.1/../../../../arm-none-eabi/lib/thumb/v7-m/nofp/crt0.o (memset)
c:/st/stm32cubeide_1.7.0/stm32cubeide/plugins/com.st.stm32cube.ide.mcu.externaltools.gnu-tools-for-stm32.10.3-2021.10.win32_1.0.0.202111181127/tools/bin/../lib/gcc/arm-none-eabi/10.3.1/../../../../arm-none-eabi/lib/thumb/v7-m/nofp\libc_nano.a(lib_a-sprintf.o)
                              ./Core/Src/fsm_traffic_light.o (sprintf)
c:/st/stm32cubeide_1.7.0/stm32cubeide/plugins/com.st.stm32cube.ide.mcu.externaltools.gnu-tools-for-stm32.10.3-2021.10.win32_1.0.0.202111181127/tools/bin/../lib/gcc/arm-none-eabi/10.3.1/../../../../arm-none-eabi/lib/thumb/v7-m/nofp\libc_nano.a(lib_a-nano-svfprintf.o)
                              c:/st/stm32cubeide_1.7.0/stm32cubeide/plugins/com.st.stm32cube.ide.mcu.externaltools.gnu-tools-for-stm32.10.3-2021.10.win32_1.0.0.202111181127/tools/bin/../lib/gcc/arm-none-eabi/10.3.1/../../../../arm-none-eabi/lib/thumb/v7-m/nofp\libc_nano.a(lib_a-sprintf.o) (_svfprintf_r)
c:/st/stm32cubeide_1.7.0/stm32cubeide/plugins/com.st.stm32cube.ide.mcu.externaltools.gnu-tools-for-stm32.10.3-2021.10.win32_1.0.0.202111181127/tools/bin/../lib/gcc/arm-none-eabi/10.3.1/../../../../arm-none-eabi/lib/thumb/v7-m/nofp\libc_nano.a(lib_a-nano-vfprintf_i.o)
                              c:/st/stm32cubeide_1.7.0/stm32cubeide/plugins/com.st.stm32cube.ide.mcu.externaltools.gnu-tools-for-stm32.10.3-2021.10.win32_1.0.0.202111181127/tools/bin/../lib/gcc/arm-none-eabi/10.3.1/../../../../arm-none-eabi/lib/thumb/v7-m/nofp\libc_nano.a(lib_a-nano-svfprintf.o) (_printf_i)
c:/st/stm32cubeide_1.7.0/stm32cubeide/plugins/com.st.stm32cube.ide.mcu.externaltools.gnu-tools-for-stm32.10.3-2021.10.win32_1.0.0.202111181127/tools/bin/../lib/gcc/arm-none-eabi/10.3.1/../../../../arm-none-eabi/lib/thumb/v7-m/nofp\libc_nano.a(lib_a-memchr-stub.o)
                              c:/st/stm32cubeide_1.7.0/stm32cubeide/plugins/com.st.stm32cube.ide.mcu.externaltools.gnu-tools-for-stm32.10.3-2021.10.win32_1.0.0.202111181127/tools/bin/../lib/gcc/arm-none-eabi/10.3.1/../../../../arm-none-eabi/lib/thumb/v7-m/nofp\libc_nano.a(lib_a-nano-svfprintf.o) (memchr)
c:/st/stm32cubeide_1.7.0/stm32cubeide/plugins/com.st.stm32cube.ide.mcu.externaltools.gnu-tools-for-stm32.10.3-2021.10.win32_1.0.0.202111181127/tools/bin/../lib/gcc/arm-none-eabi/10.3.1/../../../../arm-none-eabi/lib/thumb/v7-m/nofp\libc_nano.a(lib_a-memcpy-stub.o)
[...]
Memory Configuration

Name             Origin             Length             Attributes
RAM              0x0000000020000000 0x0000000000002800 xrw
FLASH            0x0000000008000000 0x0000000000008000 xr
*default*        0x0000000000000000 0xffffffffffffffff

Linker script and memory map

LOAD c:/st/stm32cubeide_1.7.0/stm32cubeide/plugins/com.st.stm32cube.ide.mcu.externaltools.gnu-tools-for-stm32.10.3-2021.10.win32_1.0.0.202111181127/tools/bin/../lib/gcc/arm-none-eabi/10.3.1/thumb/v7-m/nofp/crti.o
LOAD c:/st/stm32cubeide_1.7.0/stm32cubeide/plugins/com.st.stm32cube.ide.mcu.externaltools.gnu-tools-for-stm32.10.3-2021.10.win32_1.0.0.202111181127/tools/bin/../lib/gcc/arm-none-eabi/10.3.1/thumb/v7-m/nofp/crtbegin.o
LOAD c:/st/stm32cubeide_1.7.0/stm32cubeide/plugins/com.st.stm32cube.ide.mcu.externaltools.gnu-tools-for-stm32.10.3-2021.10.win32_1.0.0.202111181127/tools/bin/../lib/gcc/arm-none-eabi/10.3.1/../../../../arm-none-eabi/lib/thumb/v7-m/nofp/crt0.o
LOAD ./Core/Src/fsm_traffic_light.o
LOAD ./Core/Src/global.o
LOAD ./Core/Src/hardware_layer.o
LOAD ./Core/Src/input_reading.o
LOAD ./Core/Src/main.o
LOAD ./Core/Src/scheduler.o
LOAD ./Core/Src/software_timer.o
LOAD ./Core/Src/stm32f1xx_hal_msp.o
LOAD ./Core/Src/stm32f1xx_it.o
LOAD ./Core/Src/syscalls.o
LOAD ./Core/Src/sysmem.o
LOAD ./Core/Src/system_stm32f1xx.o
LOAD ./Core/Startup/startup_stm32f103c6tx.o
LOAD ./Drivers/STM32F1xx_HAL_Driver/Src/stm32f1xx_hal.o
LOAD ./Drivers/STM32F1xx_HAL_Driver/Src/stm32f1xx_hal_cortex.o
LOAD ./Drivers/STM32F1xx_HAL_Driver/Src/stm32f1xx_hal_dma.o
LOAD ./Drivers/STM32F1xx_HAL_Driver/Src/stm32f1xx_hal_exti.o
LOAD ./Drivers/STM32F1xx_HAL_Driver/Src/stm32f1xx_hal_flash.o
LOAD ./Drivers/STM32F1xx_HAL_Driver/Src/stm32f1xx_hal_flash_ex.o
LOAD ./Drivers/STM32F1xx_HAL_Driver/Src/stm32f1xx_hal_gpio.o
LOAD ./Drivers/STM32F1xx_HAL_Driver/Src/stm32f1xx_hal_gpio_ex.o
LOAD ./Drivers/STM32F1xx_HAL_Driver/Src/stm32f1xx_hal_pwr.o
LOAD ./Drivers/STM32F1xx_HAL_Driver/Src/stm32f1xx_hal_rcc.o
LOAD ./Drivers/STM32F1xx_HAL_Driver/Src/stm32f1xx_hal_rcc_ex.o
LOAD ./Drivers/STM32F1xx_HAL_Driver/Src/stm32f1xx_hal_tim.o
LOAD ./Drivers/STM32F1xx_HAL_Driver/Src/stm32f1xx_hal_tim_ex.o
LOAD ./Drivers/STM32F1xx_HAL_Driver/Src/stm32f1xx_hal_uart.o
START GROUP
LOAD c:/st/stm32cubeide_1.7.0/stm32cubeide/plugins/com.st.stm32cube.ide.mcu.externaltools.gnu-tools-for-stm32.10.3-2021.10.win32_1.0.0.202111181127/tools/bin/../lib/gcc/arm-none-eabi/10.3.1/../../../../arm-none-eabi/lib/thumb/v7-m/nofp\libc_nano.a
LOAD c:/st/stm32cubeide_1.7.0/stm32cubeide/plugins/com.st.stm32cube.ide.mcu.externaltools.gnu-tools-for-stm32.10.3-2021.10.win32_1.0.0.202111181127/tools/bin/../lib/gcc/arm-none-eabi/10.3.1/../../../../arm-none-eabi/lib/thumb/v7-m/nofp\libm.a
END GROUP
START GROUP
LOAD c:/st/stm32cubeide_1.7.0/stm32cubeide/plugins/com.st.stm32cube.ide.mcu.externaltools.gnu-tools-for-stm32.10.3-2021.10.win32_1.0.0.202111181127/tools/bin/../lib/gcc/arm-none-eabi/10.3.1/thumb/v7-m/nofp\libgcc.a
LOAD c:/st/stm32cubeide_1.7.0/stm32cubeide/plugins/com.st.stm32cube.ide.mcu.externaltools.gnu-tools-for-stm32.10.3-2021.10.win32_1.0.0.202111181127/tools/bin/../lib/gcc/arm-none-eabi/10.3.1/../../../../arm-none-eabi/lib/thumb/v7-m/nofp\libc_nano.a
END GROUP
START GROUP
LOAD c:/st/stm32cubeide_1.7.0/stm32cubeide/plugins/com.st.stm32cube.ide.mcu.externaltools.gnu-tools-for-stm32.10.3-2021.10.win32_1.0.0.202111181127/tools/bin/../lib/gcc/arm-none-eabi/10.3.1/thumb/v7-m/nofp\libgcc.a
LOAD c:/st/stm32cubeide_1.7.0/stm32cubeide/plugins/com.st.stm32cube.ide.mcu.externaltools.gnu-tools-for-stm32.10.3-2021.10.win32_1.0.0.202111181127/tools/bin/../lib/gcc/arm-none-eabi/10.3.1/../../../../arm-none-eabi/lib/thumb/v7-m/nofp\libc_nano.a
LOAD c:/st/stm32cubeide_1.7.0/stm32cubeide/plugins/com.st.stm32cube.ide.mcu.externaltools.gnu-tools-for-stm32.10.3-2021.10.win32_1.0.0.202111181127/tools/bin/../lib/gcc/arm-none-eabi/10.3.1/../../../../arm-none-eabi/lib/thumb/v7-m/nofp\libnosys.a
END GROUP
START GROUP
LOAD c:/st/stm32cubeide_1.7.0/stm32cubeide/plugins/com.st.stm32cube.ide.mcu.externaltools.gnu-tools-for-stm32.10.3-2021.10.win32_1.0.0.202111181127/tools/bin/../lib/gcc/arm-none-eabi/10.3.1/thumb/v7-m/nofp\libgcc.a
LOAD c:/st/stm32cubeide_1.7.0/stm32cubeide/plugins/com.st.stm32cube.ide.mcu.externaltools.gnu-tools-for-stm32.10.3-2021.10.win32_1.0.0.202111181127/tools/bin/../lib/gcc/arm-none-eabi/10.3.1/../../../../arm-none-eabi/lib/thumb/v7-m/nofp\libc_nano.a
LOAD c:/st/stm32cubeide_1.7.0/stm32cubeide/plugins/com.st.stm32cube.ide.mcu.externaltools.gnu-tools-for-stm32.10.3-2021.10.win32_1.0.0.202111181127/tools/bin/../lib/gcc/arm-none-eabi/10.3.1/../../../../arm-none-eabi/lib/thumb/v7-m/nofp\libnosys.a
END GROUP
LOAD c:/st/stm32cubeide_1.7.0/stm32cubeide/plugins/com.st.stm32cube.ide.mcu.externaltools.gnu-tools-for-stm32.10.3-2021.10.win32_1.0.0.202111181127/tools/bin/../lib/gcc/arm-none-eabi/10.3.1/thumb/v7-m/nofp/crtend.o
LOAD c:/st/stm32cubeide_1.7.0/stm32cubeide/plugins/com.st.stm32cube.ide.mcu.externaltools.gnu-tools-for-stm32.10.3-2021.10.win32_1.0.0.202111181127/tools/bin/../lib/gcc/arm-none-eabi/10.3.1/thumb/v7-m/nofp/crtn.o
                0x0000000020002800                _estack = (ORIGIN (RAM) + LENGTH (RAM))
                0x0000000000000200                _Min_Heap_Size = 0x200
                0x0000000000000400                _Min_Stack_Size = 0x400

.isr_vector     0x0000000008000000      0x10c
                0x0000000008000000                . = ALIGN (0x4)
 *(.isr_vector)
 .isr_vector    0x0000000008000000      0x10c ./Core/Startup/startup_stm32f103c6tx.o
                0x0000000008000000                g_pfnVectors
                0x000000000800010c                . = ALIGN (0x4)

.text           0x000000000800010c     0x39fc
                0x000000000800010c                . = ALIGN (0x4)
 *(.text)
 .text          0x000000000800010c       0x40 c:/st/stm32cubeide_1.7.0/stm32cubeide/plugins/com.st.stm32cube.ide.mcu.externaltools.gnu-tools-for-stm32.10.3-2021.10.win32_1.0.0.202111181127/tools/bin/../lib/gcc/arm-none-eabi/10.3.1/thumb/v7-m/nofp/crtbegin.o
 *(.text*)
 .text.fsm      0x000000000800014c      0x468 ./Core/Src/fsm_traffic_light.o
                0x000000000800014c                fsm
 .text.pedestrian_fsm
                0x00000000080005b4       0xfc ./Core/Src/fsm_traffic_light.o
                0x00000000080005b4                pedestrian_fsm
 .text.set_color_light1
                0x00000000080006b0       0x98 ./Core/Src/hardware_layer.o
                0x00000000080006b0                set_color_light1
 .text.set_color_pedestrian_light
                0x0000000008000748       0xa0 ./Core/Src/hardware_layer.o
                0x0000000008000748                set_color_pedestrian_light
 .text.is_button_pressed
                0x00000000080007e8       0x34 ./Core/Src/input_reading.o
                0x00000000080007e8                is_button_pressed
 .text.read_pin
                0x000000000800081c       0x84 ./Core/Src/input_reading.o
                0x000000000800081c                read_pin
 .text.input_reading
                0x00000000080008a0       0xf0 ./Core/Src/input_reading.o
                0x00000000080008a0                input_reading
 .text.HAL_TIM_PeriodElapsedCallback
                0x0000000008000990       0x20 ./Core/Src/main.o
                0x0000000008000990                HAL_TIM_PeriodElapsedCallback
 .text.main     0x00000000080009b0       0x7c ./Core/Src/main.o
                0x00000000080009b0                main
 .text.SystemClock_Config
                0x0000000008000a2c       0x76 ./Core/Src/main.o
                0x0000000008000a2c                SystemClock_Config
 *fill*         0x0000000008000aa2        0x2 
 .text.MX_TIM2_Init
                0x0000000008000aa4       0x98 ./Core/Src/main.o
 .text.MX_USART2_UART_Init
                0x0000000008000b3c       0x54 ./Core/Src/main.o
 .text.MX_GPIO_Init
                0x0000000008000b90       0xdc ./Core/Src/main.o
 .text.Error_Handler
                0x0000000008000c6c        0xa ./Core/Src/main.o
                0x0000000008000c6c                Error_Handler
 *fill*         0x0000000008000c76        0x2 
 .text.SCH_Update
                0x0000000008000c78       0xc0 ./Core/Src/scheduler.o
                0x0000000008000c78                SCH_Update
 .text.setTimer1
                0x0000000008000d38       0x38 ./Core/Src/software_timer.o
                0x0000000008000d38                setTimer1
 .text.timer1_run
                0x0000000008000d70       0x3c ./Core/Src/software_timer.o
                0x0000000008000d70                timer1_run
 .text.timer2_run
                0x0000000008000dac       0x3c ./Core/Src/software_timer.o
                0x0000000008000dac                timer2_run
 .text.HAL_MspInit
                0x0000000008000de8       0x44 ./Core/Src/stm32f1xx_hal_msp.o
                0x0000000008000de8                HAL_MspInit
 .text.HAL_TIM_Base_MspInit
                0x0000000008000e2c       0x48 ./Core/Src/stm32f1xx_hal_msp.o
                0x0000000008000e2c                HAL_TIM_Base_MspInit
 .text.HAL_UART_MspInit
                0x0000000008000e74       0xa4 ./Core/Src/stm32f1xx_hal_msp.o
                0x0000000008000e74                HAL_UART_MspInit
 .text.NMI_Handler
                0x0000000008000f18        0x6 ./Core/Src/stm32f1xx_it.o
                0x0000000008000f18                NMI_Handler
 .text.HardFault_Handler
                0x0000000008000f1e        0x6 ./Core/Src/stm32f1xx_it.o
                0x0000000008000f1e                HardFault_Handler
 .text.MemManage_Handler
                0x0000000008000f24        0x6 ./Core/Src/stm32f1xx_it.o
                0x0000000008000f24                MemManage_Handler
 .text.BusFault_Handler
                0x0000000008000f2a        0x6 ./Core/Src/stm32f1xx_it.o
                0x0000000008000f2a                BusFault_Handler
 .text.UsageFault_Handler
                0x0000000008000f30        0x6 ./Core/Src/stm32f1xx_it.o
                0x0000000008000f30                UsageFault_Handler
 .text.SVC_Handler
                0x0000000008000f36        0xc ./Core/Src/stm32f1xx_it.o
                0x0000000008000f36                SVC_Handler
 .text.DebugMon_Handler
                0x0000000008000f42        0xc ./Core/Src/stm32f1xx_it.o
                0x0000000008000f42                DebugMon_Handler
 .text.PendSV_Handler
                0x0000000008000f4e        0xc ./Core/Src/stm32f1xx_it.o
                0x0000000008000f4e                PendSV_Handler
 .text.SysTick_Handler
                0x0000000008000f5a        0xc ./Core/Src/stm32f1xx_it.o
                0x0000000008000f5a                SysTick_Handler
 *fill*         0x0000000008000f66        0x2 
 .text.TIM2_IRQHandler
                0x0000000008000f68       0x14 ./Core/Src/stm32f1xx_it.o
                0x0000000008000f68                TIM2_IRQHandler
 .text.USART2_IRQHandler
                0x0000000008000f7c       0x14 ./Core/Src/stm32f1xx_it.o
                0x0000000008000f7c                USART2_IRQHandler
 .text._sbrk    0x0000000008000f90       0x6c ./Core/Src/sysmem.o
                0x0000000008000f90                _sbrk
 .text.SystemInit
                0x0000000008000ffc        0xc ./Core/Src/system_stm32f1xx.o
                0x0000000008000ffc                SystemInit
 .text.Reset_Handler
                0x0000000008001008       0x48 ./Core/Startup/startup_stm32f103c6tx.o
                0x0000000008001008                Reset_Handler
 .text.Default_Handler
                0x0000000008001050        0x2 ./Core/Startup/startup_stm32f103c6tx.o
                0x0000000008001050                RTC_Alarm_IRQHandler
                0x0000000008001050                EXTI2_IRQHandler
                0x0000000008001050                TIM1_CC_IRQHandler
                0x0000000008001050                PVD_IRQHandler
                0x0000000008001050                EXTI3_IRQHandler
                0x0000000008001050                EXTI0_IRQHandler
                0x0000000008001050                ADC1_2_IRQHandler
                0x0000000008001050                SPI1_IRQHandler
                0x0000000008001050                TAMPER_IRQHandler
                0x0000000008001050                DMA1_Channel4_IRQHandler
                0x0000000008001050                RTC_IRQHandler
                0x0000000008001050                DMA1_Channel7_IRQHandler
                0x0000000008001050                CAN1_RX1_IRQHandler
                0x0000000008001050                I2C1_EV_IRQHandler
                0x0000000008001050                DMA1_Channel6_IRQHandler
                0x0000000008001050                TIM3_IRQHandler
                0x0000000008001050                RCC_IRQHandler
                0x0000000008001050                TIM1_TRG_COM_IRQHandler
                0x0000000008001050                DMA1_Channel1_IRQHandler
                0x0000000008001050                Default_Handler
                0x0000000008001050                EXTI15_10_IRQHandler
                0x0000000008001050                EXTI9_5_IRQHandler
                0x0000000008001050                DMA1_Channel5_IRQHandler
                0x0000000008001050                EXTI4_IRQHandler
                0x0000000008001050                USB_LP_CAN1_RX0_IRQHandler
                0x0000000008001050                USB_HP_CAN1_TX_IRQHandler
                0x0000000008001050                DMA1_Channel3_IRQHandler
                0x0000000008001050                TIM1_UP_IRQHandler
                0x0000000008001050                WWDG_IRQHandler
                0x0000000008001050                TIM1_BRK_IRQHandler
                0x0000000008001050                EXTI1_IRQHandler
                0x0000000008001050                DMA1_Channel2_IRQHandler
                0x0000000008001050                CAN1_SCE_IRQHandler
                0x0000000008001050                FLASH_IRQHandler
                0x0000000008001050                USART1_IRQHandler
                0x0000000008001050                I2C1_ER_IRQHandler
                0x0000000008001050                USBWakeUp_IRQHandler
 *fill*         0x0000000008001052        0x2 
 .text.HAL_Init
                0x0000000008001054       0x2c ./Drivers/STM32F1xx_HAL_Driver/Src/stm32f1xx_hal.o
                0x0000000008001054                HAL_Init
 .text.HAL_InitTick
                0x0000000008001080       0x60 ./Drivers/STM32F1xx_HAL_Driver/Src/stm32f1xx_hal.o
                0x0000000008001080                HAL_InitTick
 .text.HAL_IncTick
                0x00000000080010e0       0x24 ./Drivers/STM32F1xx_HAL_Driver/Src/stm32f1xx_hal.o
                0x00000000080010e0                HAL_IncTick
 .text.HAL_GetTick
                0x0000000008001104       0x14 ./Drivers/STM32F1xx_HAL_Driver/Src/stm32f1xx_hal.o
                0x0000000008001104                HAL_GetTick
 .text.__NVIC_SetPriorityGrouping
                0x0000000008001118       0x48 ./Drivers/STM32F1xx_HAL_Driver/Src/stm32f1xx_hal_cortex.o
 .text.__NVIC_GetPriorityGrouping
                0x0000000008001160       0x1c ./Drivers/STM32F1xx_HAL_Driver/Src/stm32f1xx_hal_cortex.o
 .text.__NVIC_EnableIRQ
                0x000000000800117c       0x38 ./Drivers/STM32F1xx_HAL_Driver/Src/stm32f1xx_hal_cortex.o
 .text.__NVIC_SetPriority
                0x00000000080011b4       0x54 ./Drivers/STM32F1xx_HAL_Driver/Src/stm32f1xx_hal_cortex.o
 .text.NVIC_EncodePriority
                0x0000000008001208       0x64 ./Drivers/STM32F1xx_HAL_Driver/Src/stm32f1xx_hal_cortex.o
 .text.SysTick_Config
                0x000000000800126c       0x44 ./Drivers/STM32F1xx_HAL_Driver/Src/stm32f1xx_hal_cortex.o
 .text.HAL_NVIC_SetPriorityGrouping
                0x00000000080012b0       0x16 ./Drivers/STM32F1xx_HAL_Driver/Src/stm32f1xx_hal_cortex.o
                0x00000000080012b0                HAL_NVIC_SetPriorityGrouping
 .text.HAL_NVIC_SetPriority
                0x00000000080012c6       0x38 ./Drivers/STM32F1xx_HAL_Driver/Src/stm32f1xx_hal_cortex.o
                0x00000000080012c6                HAL_NVIC_SetPriority
 .text.HAL_NVIC_EnableIRQ
                0x00000000080012fe       0x1c ./Drivers/STM32F1xx_HAL_Driver/Src/stm32f1xx_hal_cortex.o
                0x00000000080012fe                HAL_NVIC_EnableIRQ
 .text.HAL_SYSTICK_Config
                0x000000000800131a       0x18 ./Drivers/STM32F1xx_HAL_Driver/Src/stm32f1xx_hal_cortex.o
                0x000000000800131a                HAL_SYSTICK_Config
 .text.HAL_DMA_Abort
                0x0000000008001332       0x74 ./Drivers/STM32F1xx_HAL_Driver/Src/stm32f1xx_hal_dma.o
                0x0000000008001332                HAL_DMA_Abort
 *fill*         0x00000000080013a6        0x2 
 .text.HAL_DMA_Abort_IT
                0x00000000080013a8       0xec ./Drivers/STM32F1xx_HAL_Driver/Src/stm32f1xx_hal_dma.o
                0x00000000080013a8                HAL_DMA_Abort_IT
 .text.HAL_GPIO_Init
                0x0000000008001494      0x2f8 ./Drivers/STM32F1xx_HAL_Driver/Src/stm32f1xx_hal_gpio.o
                0x0000000008001494                HAL_GPIO_Init
 .text.HAL_GPIO_ReadPin
                0x000000000800178c       0x2e ./Drivers/STM32F1xx_HAL_Driver/Src/stm32f1xx_hal_gpio.o
                0x000000000800178c                HAL_GPIO_ReadPin
 .text.HAL_GPIO_WritePin
                0x00000000080017ba       0x30 ./Drivers/STM32F1xx_HAL_Driver/Src/stm32f1xx_hal_gpio.o
                0x00000000080017ba                HAL_GPIO_WritePin
 *fill*         0x00000000080017ea        0x2 
 .text.HAL_RCC_OscConfig
                0x00000000080017ec      0x504 ./Drivers/STM32F1xx_HAL_Driver/Src/stm32f1xx_hal_rcc.o
                0x00000000080017ec                HAL_RCC_OscConfig
 .text.HAL_RCC_ClockConfig
                0x0000000008001cf0      0x1d4 ./Drivers/STM32F1xx_HAL_Driver/Src/stm32f1xx_hal_rcc.o
                0x0000000008001cf0                HAL_RCC_ClockConfig
 .text.HAL_RCC_GetSysClockFreq
                0x0000000008001ec4       0xbc ./Drivers/STM32F1xx_HAL_Driver/Src/stm32f1xx_hal_rcc.o
                0x0000000008001ec4                HAL_RCC_GetSysClockFreq
 .text.HAL_RCC_GetHCLKFreq
                0x0000000008001f80       0x14 ./Drivers/STM32F1xx_HAL_Driver/Src/stm32f1xx_hal_rcc.o
                0x0000000008001f80                HAL_RCC_GetHCLKFreq
 .text.HAL_RCC_GetPCLK1Freq
                0x0000000008001f94       0x28 ./Drivers/STM32F1xx_HAL_Driver/Src/stm32f1xx_hal_rcc.o
                0x0000000008001f94                HAL_RCC_GetPCLK1Freq
 .text.HAL_RCC_GetPCLK2Freq
                0x0000000008001fbc       0x28 ./Drivers/STM32F1xx_HAL_Driver/Src/stm32f1xx_hal_rcc.o
                0x0000000008001fbc                HAL_RCC_GetPCLK2Freq
 .text.RCC_Delay
                0x0000000008001fe4       0x3c ./Drivers/STM32F1xx_HAL_Driver/Src/stm32f1xx_hal_rcc.o
 .text.HAL_TIM_Base_Init
                0x0000000008002020       0x9e ./Drivers/STM32F1xx_HAL_Driver/Src/stm32f1xx_hal_tim.o
                0x0000000008002020                HAL_TIM_Base_Init
 *fill*         0x00000000080020be        0x2 
 .text.HAL_TIM_Base_Start_IT
                0x00000000080020c0       0x98 ./Drivers/STM32F1xx_HAL_Driver/Src/stm32f1xx_hal_tim.o
                0x00000000080020c0                HAL_TIM_Base_Start_IT
 .text.HAL_TIM_IRQHandler
                0x0000000008002158      0x210 ./Drivers/STM32F1xx_HAL_Driver/Src/stm32f1xx_hal_tim.o
                0x0000000008002158                HAL_TIM_IRQHandler
 .text.HAL_TIM_ConfigClockSource
                0x0000000008002368      0x188 ./Drivers/STM32F1xx_HAL_Driver/Src/stm32f1xx_hal_tim.o
                0x0000000008002368                HAL_TIM_ConfigClockSource
 .text.HAL_TIM_OC_DelayElapsedCallback
                0x00000000080024f0       0x12 ./Drivers/STM32F1xx_HAL_Driver/Src/stm32f1xx_hal_tim.o
                0x00000000080024f0                HAL_TIM_OC_DelayElapsedCallback
 .text.HAL_TIM_IC_CaptureCallback
                0x0000000008002502       0x12 ./Drivers/STM32F1xx_HAL_Driver/Src/stm32f1xx_hal_tim.o
                0x0000000008002502                HAL_TIM_IC_CaptureCallback
 .text.HAL_TIM_PWM_PulseFinishedCallback
                0x0000000008002514       0x12 ./Drivers/STM32F1xx_HAL_Driver/Src/stm32f1xx_hal_tim.o
                0x0000000008002514                HAL_TIM_PWM_PulseFinishedCallback
 .text.HAL_TIM_TriggerCallback
                0x0000000008002526       0x12 ./Drivers/STM32F1xx_HAL_Driver/Src/stm32f1xx_hal_tim.o
                0x0000000008002526                HAL_TIM_TriggerCallback
 .text.TIM_Base_SetConfig
                0x0000000008002538       0xb0 ./Drivers/STM32F1xx_HAL_Driver/Src/stm32f1xx_hal_tim.o
                0x0000000008002538                TIM_Base_SetConfig
 .text.TIM_TI1_ConfigInputStage
                0x00000000080025e8       0x5c ./Drivers/STM32F1xx_HAL_Driver/Src/stm32f1xx_hal_tim.o
 .text.TIM_TI2_ConfigInputStage
                0x0000000008002644       0x5e ./Drivers/STM32F1xx_HAL_Driver/Src/stm32f1xx_hal_tim.o
 .text.TIM_ITRx_SetConfig
                0x00000000080026a2       0x34 ./Drivers/STM32F1xx_HAL_Driver/Src/stm32f1xx_hal_tim.o
 .text.TIM_ETR_SetConfig
                0x00000000080026d6       0x3e ./Drivers/STM32F1xx_HAL_Driver/Src/stm32f1xx_hal_tim.o
                0x00000000080026d6                TIM_ETR_SetConfig
 .text.HAL_TIMEx_MasterConfigSynchronization
                0x0000000008002714       0xb0 ./Drivers/STM32F1xx_HAL_Driver/Src/stm32f1xx_hal_tim_ex.o
                0x0000000008002714                HAL_TIMEx_MasterConfigSynchronization
 .text.HAL_TIMEx_CommutCallback
                0x00000000080027c4       0x12 ./Drivers/STM32F1xx_HAL_Driver/Src/stm32f1xx_hal_tim_ex.o
                0x00000000080027c4                HAL_TIMEx_CommutCallback
 .text.HAL_TIMEx_BreakCallback
                0x00000000080027d6       0x12 ./Drivers/STM32F1xx_HAL_Driver/Src/stm32f1xx_hal_tim_ex.o
                0x00000000080027d6                HAL_TIMEx_BreakCallback
 .text.HAL_UART_Init
                0x00000000080027e8       0x9a ./Drivers/STM32F1xx_HAL_Driver/Src/stm32f1xx_hal_uart.o
                0x00000000080027e8                HAL_UART_Init
 .text.HAL_UART_Transmit
                0x0000000008002882      0x124 ./Drivers/STM32F1xx_HAL_Driver/Src/stm32f1xx_hal_uart.o
                0x0000000008002882                HAL_UART_Transmit
 *fill*         0x00000000080029a6        0x2 
 .text.HAL_UART_IRQHandler
                0x00000000080029a8      0x354 ./Drivers/STM32F1xx_HAL_Driver/Src/stm32f1xx_hal_uart.o
                0x00000000080029a8                HAL_UART_IRQHandler
 .text.HAL_UART_TxCpltCallback
                0x0000000008002cfc       0x12 ./Drivers/STM32F1xx_HAL_Driver/Src/stm32f1xx_hal_uart.o
                0x0000000008002cfc                HAL_UART_TxCpltCallback
 .text.HAL_UART_RxCpltCallback
                0x0000000008002d0e       0x12 ./Drivers/STM32F1xx_HAL_Driver/Src/stm32f1xx_hal_uart.o
                0x0000000008002d0e                HAL_UART_RxCpltCallback
 .text.HAL_UART_ErrorCallback
                0x0000000008002d20       0x12 ./Drivers/STM32F1xx_HAL_Driver/Src/stm32f1xx_hal_uart.o
                0x0000000008002d20                HAL_UART_ErrorCallback
 .text.HAL_UARTEx_RxEventCallback
                0x0000000008002d32       0x16 ./Drivers/STM32F1xx_HAL_Driver/Src/stm32f1xx_hal_uart.o
                0x0000000008002d32                HAL_UARTEx_RxEventCallback
 .text.UART_WaitOnFlagUntilTimeout
                0x0000000008002d48       0x94 ./Drivers/STM32F1xx_HAL_Driver/Src/stm32f1xx_hal_uart.o
 .text.UART_EndRxTransfer
                0x0000000008002ddc       0x58 ./Drivers/STM32F1xx_HAL_Driver/Src/stm32f1xx_hal_uart.o
 .text.UART_DMAAbortOnError
                0x0000000008002e34       0x28 ./Drivers/STM32F1xx_HAL_Driver/Src/stm32f1xx_hal_uart.o
 .text.UART_Transmit_IT
                0x0000000008002e5c       0x9e ./Drivers/STM32F1xx_HAL_Driver/Src/stm32f1xx_hal_uart.o
 .text.UART_EndTransmit_IT
                0x0000000008002efa       0x30 ./Drivers/STM32F1xx_HAL_Driver/Src/stm32f1xx_hal_uart.o
 .text.UART_Receive_IT
                0x0000000008002f2a      0x152 ./Drivers/STM32F1xx_HAL_Driver/Src/stm32f1xx_hal_uart.o
 .text.UART_SetConfig
                0x000000000800307c      0x11c ./Drivers/STM32F1xx_HAL_Driver/Src/stm32f1xx_hal_uart.o
 .text.__errno  0x0000000008003198        0xc c:/st/stm32cubeide_1.7.0/stm32cubeide/plugins/com.st.stm32cube.ide.mcu.externaltools.gnu-tools-for-stm32.10.3-2021.10.win32_1.0.0.202111181127/tools/bin/../lib/gcc/arm-none-eabi/10.3.1/../../../../arm-none-eabi/lib/thumb/v7-m/nofp\libc_nano.a(lib_a-errno.o)
                0x0000000008003198                __errno
 .text.__libc_init_array
                0x00000000080031a4       0x48 c:/st/stm32cubeide_1.7.0/stm32cubeide/plugins/com.st.stm32cube.ide.mcu.externaltools.gnu-tools-for-stm32.10.3-2021.10.win32_1.0.0.202111181127/tools/bin/../lib/gcc/arm-none-eabi/10.3.1/../../../../arm-none-eabi/lib/thumb/v7-m/nofp\libc_nano.a(lib_a-init.o)
                0x00000000080031a4                __libc_init_array
 .text.memset   0x00000000080031ec       0x10 c:/st/stm32cubeide_1.7.0/stm32cubeide/plugins/com.st.stm32cube.ide.mcu.externaltools.gnu-tools-for-stm32.10.3-2021.10.win32_1.0.0.202111181127/tools/bin/../lib/gcc/arm-none-eabi/10.3.1/../../../../arm-none-eabi/lib/thumb/v7-m/nofp\libc_nano.a(lib_a-memset.o)
                0x00000000080031ec                memset
 .text.sprintf  0x00000000080031fc       0x40 c:/st/stm32cubeide_1.7.0/stm32cubeide/plugins/com.st.stm32cube.ide.mcu.externaltools.gnu-tools-for-stm32.10.3-2021.10.win32_1.0.0.202111181127/tools/bin/../lib/gcc/arm-none-eabi/10.3.1/../../../../arm-none-eabi/lib/thumb/v7-m/nofp\libc_nano.a(lib_a-sprintf.o)
                0x00000000080031fc                siprintf
                0x00000000080031fc                sprintf
 .text.__ssputs_r
                0x000000000800323c       0xb6 c:/st/stm32cubeide_1.7.0/stm32cubeide/plugins/com.st.stm32cube.ide.mcu.externaltools.gnu-tools-for-stm32.10.3-2021.10.win32_1.0.0.202111181127/tools/bin/../lib/gcc/arm-none-eabi/10.3.1/../../../../arm-none-eabi/lib/thumb/v7-m/nofp\libc_nano.a(lib_a-nano-svfprintf.o)
                0x000000000800323c                __ssputs_r
 *fill*         0x00000000080032f2        0x2 
 .text._svfprintf_r
                0x00000000080032f4      0x200 c:/st/stm32cubeide_1.7.0/stm32cubeide/plugins/com.st.stm32cube.ide.mcu.externaltools.gnu-tools-for-stm32.10.3-2021.10.win32_1.0.0.202111181127/tools/bin/../lib/gcc/arm-none-eabi/10.3.1/../../../../arm-none-eabi/lib/thumb/v7-m/nofp\libc_nano.a(lib_a-nano-svfprintf.o)
                0x00000000080032f4                _svfiprintf_r
                0x00000000080032f4                _svfprintf_r
 .text._printf_common
                0x00000000080034f4       0xde c:/st/stm32cubeide_1.7.0/stm32cubeide/plugins/com.st.stm32cube.ide.mcu.externaltools.gnu-tools-for-stm32.10.3-2021.10.win32_1.0.0.202111181127/tools/bin/../lib/gcc/arm-none-eabi/10.3.1/../../../../arm-none-eabi/lib/thumb/v7-m/nofp\libc_nano.a(lib_a-nano-vfprintf_i.o)
                0x00000000080034f4                _printf_common
 *fill*         0x00000000080035d2        0x2 
 .text._printf_i
                0x00000000080035d4      0x24c c:/st/stm32cubeide_1.7.0/stm32cubeide/plugins/com.st.stm32cube.ide.mcu.externaltools.gnu-tools-for-stm32.10.3-2021.10.win32_1.0.0.202111181127/tools/bin/../lib/gcc/arm-none-eabi/10.3.1/../../../../arm-none-eabi/lib/thumb/v7-m/nofp\libc_nano.a(lib_a-nano-vfprintf_i.o)
                0x00000000080035d4                _printf_i
 .text.memchr   0x0000000008003820       0x1c c:/st/stm32cubeide_1.7.0/stm32cubeide/plugins/com.st.stm32cube.ide.mcu.externaltools.gnu-tools-for-stm32.10.3-2021.10.win32_1.0.0.202111181127/tools/bin/../lib/gcc/arm-none-eabi/10.3.1/../../../../arm-none-eabi/lib/thumb/v7-m/nofp\libc_nano.a(lib_a-memchr-stub.o)
                0x0000000008003820                memchr
 .text.memcpy   0x000000000800383c       0x1c c:/st/stm32cubeide_1.7.0/stm32cubeide/plugins/com.st.stm32cube.ide.mcu.externaltools.gnu-tools-for-stm32.10.3-2021.10.win32_1.0.0.202111181127/tools/bin/../lib/gcc/arm-none-eabi/10.3.1/../../../../arm-none-eabi/lib/thumb/v7-m/nofp\libc_nano.a(lib_a-memcpy-stub.o)
                0x000000000800383c                memcpy
 .text.memmove  0x0000000008003858       0x34 c:/st/stm32cubeide_1.7.0/stm32cubeide/plugins/com.st.stm32cube.ide.mcu.externaltools.gnu-tools-for-stm32.10.3-2021.10.win32_1.0.0.202111181127/tools/bin/../lib/gcc/arm-none-eabi/10.3.1/../../../../arm-none-eabi/lib/thumb/v7-m/nofp\libc_nano.a(lib_a-memmove.o)
                0x0000000008003858                memmove
 .text._free_r  0x000000000800388c       0x90 c:/st/stm32cubeide_1.7.0/stm32cubeide/plugins/com.st.stm32cube.ide.mcu.externaltools.gnu-tools-for-stm32.10.3-2021.10.win32_1.0.0.202111181127/tools/bin/../lib/gcc/arm-none-eabi/10.3.1/../../../../arm-none-eabi/lib/thumb/v7-m/nofp\libc_nano.a(lib_a-nano-freer.o)
                0x000000000800388c                _free_r
 .text.sbrk_aligned
                0x000000000800391c       0x40 c:/st/stm32cubeide_1.7.0/stm32cubeide/plugins/com.st.stm32cube.ide.mcu.externaltools.gnu-tools-for-stm32.10.3-2021.10.win32_1.0.0.202111181127/tools/bin/../lib/gcc/arm-none-eabi/10.3.1/../../../../arm-none-eabi/lib/thumb/v7-m/nofp\libc_nano.a(lib_a-nano-mallocr.o)
 .text._malloc_r
                0x000000000800395c       0xe8 c:/st/stm32cubeide_1.7.0/stm32cubeide/plugins/com.st.stm32cube.ide.mcu.externaltools.gnu-tools-for-stm32.10.3-2021.10.win32_1.0.0.202111181127/tools/bin/../lib/gcc/arm-none-eabi/10.3.1/../../../../arm-none-eabi/lib/thumb/v7-m/nofp\libc_nano.a(lib_a-nano-mallocr.o)
                0x000000000800395c                _malloc_r
 .text._realloc_r
                0x0000000008003a44       0x5e c:/st/stm32cubeide_1.7.0/stm32cubeide/plugins/com.st.stm32cube.ide.mcu.externaltools.gnu-tools-for-stm32.10.3-2021.10.win32_1.0.0.202111181127/tools/bin/../lib/gcc/arm-none-eabi/10.3.1/../../../../arm-none-eabi/lib/thumb/v7-m/nofp\libc_nano.a(lib_a-nano-reallocr.o)
                0x0000000008003a44                _realloc_r
 *fill*         0x0000000008003aa2        0x2 
 .text._sbrk_r  0x0000000008003aa4       0x20 c:/st/stm32cubeide_1.7.0/stm32cubeide/plugins/com.st.stm32cube.ide.mcu.externaltools.gnu-tools-for-stm32.10.3-2021.10.win32_1.0.0.202111181127/tools/bin/../lib/gcc/arm-none-eabi/10.3.1/../../../../arm-none-eabi/lib/thumb/v7-m/nofp\libc_nano.a(lib_a-sbrkr.o)
                0x0000000008003aa4                _sbrk_r
 .text.__malloc_lock
                0x0000000008003ac4        0xc c:/st/stm32cubeide_1.7.0/stm32cubeide/plugins/com.st.stm32cube.ide.mcu.externaltools.gnu-tools-for-stm32.10.3-2021.10.win32_1.0.0.202111181127/tools/bin/../lib/gcc/arm-none-eabi/10.3.1/../../../../arm-none-eabi/lib/thumb/v7-m/nofp\libc_nano.a(lib_a-mlock.o)
                0x0000000008003ac4                __malloc_lock
 .text.__malloc_unlock
                0x0000000008003ad0        0xc c:/st/stm32cubeide_1.7.0/stm32cubeide/plugins/com.st.stm32cube.ide.mcu.externaltools.gnu-tools-for-stm32.10.3-2021.10.win32_1.0.0.202111181127/tools/bin/../lib/gcc/arm-none-eabi/10.3.1/../../../../arm-none-eabi/lib/thumb/v7-m/nofp\libc_nano.a(lib_a-mlock.o)
                0x0000000008003ad0                __malloc_unlock
 .text._malloc_usable_size_r
                0x0000000008003adc       0x10 c:/st/stm32cubeide_1.7.0/stm32cubeide/plugins/com.st.stm32cube.ide.mcu.externaltools.gnu-tools-for-stm32.10.3-2021.10.win32_1.0.0.202111181127/tools/bin/../lib/gcc/arm-none-eabi/10.3.1/../../../../arm-none-eabi/lib/thumb/v7-m/nofp\libc_nano.a(lib_a-nano-msizer.o)
                0x0000000008003adc                _malloc_usable_size_r
 .text.__retarget_lock_acquire_recursive
                0x0000000008003aec        0x2 c:/st/stm32cubeide_1.7.0/stm32cubeide/plugins/com.st.stm32cube.ide.mcu.externaltools.gnu-tools-for-stm32.10.3-2021.10.win32_1.0.0.202111181127/tools/bin/../lib/gcc/arm-none-eabi/10.3.1/../../../../arm-none-eabi/lib/thumb/v7-m/nofp\libc_nano.a(lib_a-lock.o)
                0x0000000008003aec                __retarget_lock_acquire_recursive
 .text.__retarget_lock_release_recursive
                0x0000000008003aee        0x2 c:/st/stm32cubeide_1.7.0/stm32cubeide/plugins/com.st.stm32cube.ide.mcu.externaltools.gnu-tools-for-stm32.10.3-2021.10.win32_1.0.0.202111181127/tools/bin/../lib/gcc/arm-none-eabi/10.3.1/../../../../arm-none-eabi/lib/thumb/v7-m/nofp\libc_nano.a(lib_a-lock.o)
                0x0000000008003aee                __retarget_lock_release_recursive
 *(.glue_7)
 .glue_7        0x0000000008003af0        0x0 linker stubs
 *(.glue_7t)
 .glue_7t       0x0000000008003af0        0x0 linker stubs
 *(.eh_frame)
 .eh_frame      0x0000000008003af0        0x0 c:/st/stm32cubeide_1.7.0/stm32cubeide/plugins/com.st.stm32cube.ide.mcu.externaltools.gnu-tools-for-stm32.10.3-2021.10.win32_1.0.0.202111181127/tools/bin/../lib/gcc/arm-none-eabi/10.3.1/thumb/v7-m/nofp/crtbegin.o
 *(.init)
 .init          0x0000000008003af0        0x4 c:/st/stm32cubeide_1.7.0/stm32cubeide/plugins/com.st.stm32cube.ide.mcu.externaltools.gnu-tools-for-stm32.10.3-2021.10.win32_1.0.0.202111181127/tools/bin/../lib/gcc/arm-none-eabi/10.3.1/thumb/v7-m/nofp/crti.o
                0x0000000008003af0                _init
 .init          0x0000000008003af4        0x8 c:/st/stm32cubeide_1.7.0/stm32cubeide/plugins/com.st.stm32cube.ide.mcu.externaltools.gnu-tools-for-stm32.10.3-2021.10.win32_1.0.0.202111181127/tools/bin/../lib/gcc/arm-none-eabi/10.3.1/thumb/v7-m/nofp/crtn.o
 *(.fini)
 .fini          0x0000000008003afc        0x4 c:/st/stm32cubeide_1.7.0/stm32cubeide/plugins/com.st.stm32cube.ide.mcu.externaltools.gnu-tools-for-stm32.10.3-2021.10.win32_1.0.0.202111181127/tools/bin/../lib/gcc/arm-none-eabi/10.3.1/thumb/v7-m/nofp/crti.o
                0x0000000008003afc                _fini
 .fini          0x0000000008003b00        0x8 c:/st/stm32cubeide_1.7.0/stm32cubeide/plugins/com.st.stm32cube.ide.mcu.externaltools.gnu-tools-for-stm32.10.3-2021.10.win32_1.0.0.202111181127/tools/bin/../lib/gcc/arm-none-eabi/10.3.1/thumb/v7-m/nofp/crtn.o
                0x0000000008003b08                . = ALIGN (0x4)
                0x0000000008003b08                _etext = .

.vfp11_veneer   0x0000000008003b08        0x0
 .vfp11_veneer  0x0000000008003b08        0x0 linker stubs

.v4_bx          0x0000000008003b08        0x0
 .v4_bx         0x0000000008003b08        0x0 linker stubs

.iplt           0x0000000008003b08        0x0
 .iplt          0x0000000008003b08        0x0 c:/st/stm32cubeide_1.7.0/stm32cubeide/plugins/com.st.stm32cube.ide.mcu.externaltools.gnu-tools-for-stm32.10.3-2021.10.win32_1.0.0.202111181127/tools/bin/../lib/gcc/arm-none-eabi/10.3.1/thumb/v7-m/nofp/crtbegin.o

.rodata         0x0000000008003b08       0xd8
                0x0000000008003b08                . = ALIGN (0x4)
 *(.rodata)
 .rodata        0x0000000008003b08       0x7a ./Core/Src/fsm_traffic_light.o
 *fill*         0x0000000008003b82        0x2 
 .rodata        0x0000000008003b84       0x10 ./Drivers/STM32F1xx_HAL_Driver/Src/stm32f1xx_hal_rcc.o
 *(.rodata*)
 .rodata.AHBPrescTable
                0x0000000008003b94       0x10 ./Core/Src/system_stm32f1xx.o
                0x0000000008003b94                AHBPrescTable
 .rodata.APBPrescTable
                0x0000000008003ba4        0x8 ./Core/Src/system_stm32f1xx.o
                0x0000000008003ba4                APBPrescTable
 .rodata._svfprintf_r.str1.1
                0x0000000008003bac       0x11 c:/st/stm32cubeide_1.7.0/stm32cubeide/plugins/com.st.stm32cube.ide.mcu.externaltools.gnu-tools-for-stm32.10.3-2021.10.win32_1.0.0.202111181127/tools/bin/../lib/gcc/arm-none-eabi/10.3.1/../../../../arm-none-eabi/lib/thumb/v7-m/nofp\libc_nano.a(lib_a-nano-svfprintf.o)
 .rodata._printf_i.str1.1
                0x0000000008003bbd       0x22 c:/st/stm32cubeide_1.7.0/stm32cubeide/plugins/com.st.stm32cube.ide.mcu.externaltools.gnu-tools-for-stm32.10.3-2021.10.win32_1.0.0.202111181127/tools/bin/../lib/gcc/arm-none-eabi/10.3.1/../../../../arm-none-eabi/lib/thumb/v7-m/nofp\libc_nano.a(lib_a-nano-vfprintf_i.o)
                0x0000000008003be0                . = ALIGN (0x4)
 *fill*         0x0000000008003bdf        0x1 

.rel.dyn        0x0000000008003be0        0x0
 .rel.iplt      0x0000000008003be0        0x0 c:/st/stm32cubeide_1.7.0/stm32cubeide/plugins/com.st.stm32cube.ide.mcu.externaltools.gnu-tools-for-stm32.10.3-2021.10.win32_1.0.0.202111181127/tools/bin/../lib/gcc/arm-none-eabi/10.3.1/thumb/v7-m/nofp/crtbegin.o

.ARM.extab      0x0000000008003be0        0x0
                0x0000000008003be0                . = ALIGN (0x4)
 *(.ARM.extab* .gnu.linkonce.armextab.*)
                0x0000000008003be0                . = ALIGN (0x4)

.ARM            0x0000000008003be0        0x0
                0x0000000008003be0                . = ALIGN (0x4)
                0x0000000008003be0                __exidx_start = .
 *(.ARM.exidx*)
                0x0000000008003be0                __exidx_end = .
                0x0000000008003be0                . = ALIGN (0x4)

.preinit_array  0x0000000008003be0        0x0
                0x0000000008003be0                . = ALIGN (0x4)
                0x0000000008003be0                PROVIDE (__preinit_array_start = .)
 *(.preinit_array*)
                0x0000000008003be0                PROVIDE (__preinit_array_end = .)
                0x0000000008003be0                . = ALIGN (0x4)

.init_array     0x0000000008003be0        0x4
                0x0000000008003be0                . = ALIGN (0x4)
                0x0000000008003be0                PROVIDE (__init_array_start = .)
 *(SORT_BY_NAME(.init_array.*))
 *(.init_array*)
 .init_array    0x0000000008003be0        0x4 c:/st/stm32cubeide_1.7.0/stm32cubeide/plugins/com.st.stm32cube.ide.mcu.externaltools.gnu-tools-for-stm32.10.3-2021.10.win32_1.0.0.202111181127/tools/bin/../lib/gcc/arm-none-eabi/10.3.1/thumb/v7-m/nofp/crtbegin.o
                0x0000000008003be4                PROVIDE (__init_array_end = .)
                0x0000000008003be4                . = ALIGN (0x4)

.fini_array     0x0000000008003be4        0x4
                0x0000000008003be4                . = ALIGN (0x4)
                [!provide]                        PROVIDE (__fini_array_start = .)
 *(SORT_BY_NAME(.fini_array.*))
 *(.fini_array*)
 .fini_array    0x0000000008003be4        0x4 c:/st/stm32cubeide_1.7.0/stm32cubeide/plugins/com.st.stm32cube.ide.mcu.externaltools.gnu-tools-for-stm32.10.3-2021.10.win32_1.0.0.202111181127/tools/bin/../lib/gcc/arm-none-eabi/10.3.1/thumb/v7-m/nofp/crtbegin.o
                [!provide]                        PROVIDE (__fini_array_end = .)
                0x0000000008003be8                . = ALIGN (0x4)
                0x0000000008003be8                _sidata = LOADADDR (.data)

.data           0x0000000020000000       0xbc load address 0x0000000008003be8
                0x0000000020000000                . = ALIGN (0x4)
                0x0000000020000000                _sdata = .
 *(.data)
 *(.data*)
 .data.manual_state
                0x0000000020000000        0x4 ./Core/Src/global.o
                0x0000000020000000                manual_state
 .data.pedes_state
                0x0000000020000004        0x4 ./Core/Src/global.o
                0x0000000020000004                pedes_state
 .data.KeyReg0  0x0000000020000008       0x10 ./Core/Src/input_reading.o
                0x0000000020000008                KeyReg0
 .data.KeyReg1  0x0000000020000018       0x10 ./Core/Src/input_reading.o
                0x0000000020000018                KeyReg1
 .data.KeyReg2  0x0000000020000028       0x10 ./Core/Src/input_reading.o
                0x0000000020000028                KeyReg2
 .data.KeyReg3  0x0000000020000038       0x10 ./Core/Src/input_reading.o
                0x0000000020000038                KeyReg3
 .data.TimeForKeyPress
                0x0000000020000048        0x4 ./Core/Src/input_reading.o
                0x0000000020000048                TimeForKeyPress
 .data.SystemCoreClock
                0x000000002000004c        0x4 ./Core/Src/system_stm32f1xx.o
                0x000000002000004c                SystemCoreClock
 .data.uwTickPrio
                0x0000000020000050        0x4 ./Drivers/STM32F1xx_HAL_Driver/Src/stm32f1xx_hal.o
                0x0000000020000050                uwTickPrio
 .data.uwTickFreq
                0x0000000020000054        0x1 ./Drivers/STM32F1xx_HAL_Driver/Src/stm32f1xx_hal.o
                0x0000000020000054                uwTickFreq
 *fill*         0x0000000020000055        0x3 
 .data._impure_ptr
                0x0000000020000058        0x4 c:/st/stm32cubeide_1.7.0/stm32cubeide/plugins/com.st.stm32cube.ide.mcu.externaltools.gnu-tools-for-stm32.10.3-2021.10.win32_1.0.0.202111181127/tools/bin/../lib/gcc/arm-none-eabi/10.3.1/../../../../arm-none-eabi/lib/thumb/v7-m/nofp\libc_nano.a(lib_a-impure.o)
                0x0000000020000058                _impure_ptr
 .data.impure_data
                0x000000002000005c       0x60 c:/st/stm32cubeide_1.7.0/stm32cubeide/plugins/com.st.stm32cube.ide.mcu.externaltools.gnu-tools-for-stm32.10.3-2021.10.win32_1.0.0.202111181127/tools/bin/../lib/gcc/arm-none-eabi/10.3.1/../../../../arm-none-eabi/lib/thumb/v7-m/nofp\libc_nano.a(lib_a-impure.o)
 *(.RamFunc)
 *(.RamFunc*)
                0x00000000200000bc                . = ALIGN (0x4)
                0x00000000200000bc                _edata = .

.igot.plt       0x00000000200000bc        0x0 load address 0x0000000008003ca4
 .igot.plt      0x00000000200000bc        0x0 c:/st/stm32cubeide_1.7.0/stm32cubeide/plugins/com.st.stm32cube.ide.mcu.externaltools.gnu-tools-for-stm32.10.3-2021.10.win32_1.0.0.202111181127/tools/bin/../lib/gcc/arm-none-eabi/10.3.1/thumb/v7-m/nofp/crtbegin.o
                0x00000000200000bc                . = ALIGN (0x4)

.bss            0x00000000200000bc      0x44c load address 0x0000000008003ca4
                0x00000000200000bc                _sbss = .
                0x00000000200000bc                __bss_start__ = _sbss
 *(.bss)
 .bss           0x00000000200000bc       0x1c c:/st/stm32cubeide_1.7.0/stm32cubeide/plugins/com.st.stm32cube.ide.mcu.externaltools.gnu-tools-for-stm32.10.3-2021.10.win32_1.0.0.202111181127/tools/bin/../lib/gcc/arm-none-eabi/10.3.1/thumb/v7-m/nofp/crtbegin.o
 *(.bss*)
 .bss.str       0x00000000200000d8       0x32 ./Core/Src/fsm_traffic_light.o
                0x00000000200000d8                str
 *fill*         0x000000002000010a        0x2 
 .bss.counter1  0x000000002000010c        0x4 ./Core/Src/global.o
                0x000000002000010c                counter1
 .bss.red_duration
                0x0000000020000110        0x4 ./Core/Src/global.o
                0x0000000020000110                red_duration
 .bss.green_duration
                0x0000000020000114        0x4 ./Core/Src/global.o
                0x0000000020000114                green_duration
 .bss.yellow_duration
                0x0000000020000118        0x4 ./Core/Src/global.o
                0x0000000020000118                yellow_duration
 .bss.state     0x000000002000011c        0x4 ./Core/Src/global.o
                0x000000002000011c                state
 .bss.button_flag
                0x0000000020000120       0x10 ./Core/Src/input_reading.o
                0x0000000020000120                button_flag
 .bss.htim2     0x0000000020000130       0x48 ./Core/Src/main.o
                0x0000000020000130                htim2
 .bss.huart2    0x0000000020000178       0x44 ./Core/Src/main.o
                0x0000000020000178                huart2
 .bss.SCH_tasks_G
                0x00000000200001bc      0x320 ./Core/Src/scheduler.o
                0x00000000200001bc                SCH_tasks_G
 .bss.current_index_task
                0x00000000200004dc        0x1 ./Core/Src/scheduler.o
                0x00000000200004dc                current_index_task
 *fill*         0x00000000200004dd        0x3 
 .bss.timer1_flag
                0x00000000200004e0        0x4 ./Core/Src/software_timer.o
                0x00000000200004e0                timer1_flag
 .bss.timer1_counter
                0x00000000200004e4        0x4 ./Core/Src/software_timer.o
                0x00000000200004e4                timer1_counter
 .bss.timer2_flag
                0x00000000200004e8        0x4 ./Core/Src/software_timer.o
                0x00000000200004e8                timer2_flag
 .bss.timer2_counter
                0x00000000200004ec        0x4 ./Core/Src/software_timer.o
                0x00000000200004ec                timer2_counter
 .bss.__sbrk_heap_end
                0x00000000200004f0        0x4 ./Core/Src/sysmem.o
 .bss.uwTick    0x00000000200004f4        0x4 ./Drivers/STM32F1xx_HAL_Driver/Src/stm32f1xx_hal.o
                0x00000000200004f4                uwTick
 .bss.__malloc_free_list
                0x00000000200004f8        0x4 c:/st/stm32cubeide_1.7.0/stm32cubeide/plugins/com.st.stm32cube.ide.mcu.externaltools.gnu-tools-for-stm32.10.3-2021.10.win32_1.0.0.202111181127/tools/bin/../lib/gcc/arm-none-eabi/10.3.1/../../../../arm-none-eabi/lib/thumb/v7-m/nofp\libc_nano.a(lib_a-nano-mallocr.o)
                0x00000000200004f8                __malloc_free_list
 .bss.__malloc_sbrk_start
                0x00000000200004fc        0x4 c:/st/stm32cubeide_1.7.0/stm32cubeide/plugins/com.st.stm32cube.ide.mcu.externaltools.gnu-tools-for-stm32.10.3-2021.10.win32_1.0.0.202111181127/tools/bin/../lib/gcc/arm-none-eabi/10.3.1/../../../../arm-none-eabi/lib/thumb/v7-m/nofp\libc_nano.a(lib_a-nano-mallocr.o)
                0x00000000200004fc                __malloc_sbrk_start
 .bss.errno     0x0000000020000500        0x4 c:/st/stm32cubeide_1.7.0/stm32cubeide/plugins/com.st.stm32cube.ide.mcu.externaltools.gnu-tools-for-stm32.10.3-2021.10.win32_1.0.0.202111181127/tools/bin/../lib/gcc/arm-none-eabi/10.3.1/../../../../arm-none-eabi/lib/thumb/v7-m/nofp\libc_nano.a(lib_a-reent.o)
                0x0000000020000500                errno
 .bss.__lock___malloc_recursive_mutex
                0x0000000020000504        0x1 c:/st/stm32cubeide_1.7.0/stm32cubeide/plugins/com.st.stm32cube.ide.mcu.externaltools.gnu-tools-for-stm32.10.3-2021.10.win32_1.0.0.202111181127/tools/bin/../lib/gcc/arm-none-eabi/10.3.1/../../../../arm-none-eabi/lib/thumb/v7-m/nofp\libc_nano.a(lib_a-lock.o)
                0x0000000020000504                __lock___malloc_recursive_mutex
 *(COMMON)
                0x0000000020000508                . = ALIGN (0x4)
 *fill*         0x0000000020000505        0x3 
                0x0000000020000508                _ebss = .
                0x0000000020000508                __bss_end__ = _ebss

._user_heap_stack
                0x0000000020000508      0x600 load address 0x0000000008003ca4
                0x0000000020000508                . = ALIGN (0x8)
                [!provide]                        PROVIDE (end = .)
                0x0000000020000508                PROVIDE (_end = .)
                0x0000000020000708                . = (. + _Min_Heap_Size)
 *fill*         0x0000000020000508      0x200 
                0x0000000020000b08                . = (. + _Min_Stack_Size)
 *fill*         0x0000000020000708      0x400 
                0x0000000020000b08                . = ALIGN (0x8)

/DISCARD/
 libc.a(*)
 libm.a(*)
 libgcc.a(*)

.ARM.attributes
                0x0000000000000000       0x29
 *(.ARM.attributes)
 .ARM.attributes
                0x0000000000000000       0x1d c:/st/stm32cubeide_1.7.0/stm32cubeide/plugins/com.st.stm32cube.ide.mcu.externaltools.gnu-tools-for-stm32.10.3-2021.10.win32_1.0.0.202111181127/tools/bin/../lib/gcc/arm-none-eabi/10.3.1/thumb/v7-m/nofp/crti.o
 .ARM.attributes
                0x000000000000001d       0x2d c:/st/stm32cubeide_1.7.0/stm32cubeide/plugins/com.st.stm32cube.ide.mcu.externaltools.gnu-tools-for-stm32.10.3-2021.10.win32_1.0.0.202111181127/tools/bin/../lib/gcc/arm-none-eabi/10.3.1/thumb/v7-m/nofp/crtbegin.o
 .ARM.attributes
                0x000000000000004a       0x2d ./Core/Src/fsm_traffic_light.o
 .ARM.attributes
                0x0000000000000077       0x2d ./Core/Src/global.o
 .ARM.attributes
                0x00000000000000a4       0x2d ./Core/Src/hardware_layer.o
 .ARM.attributes
                0x00000000000000d1       0x2d ./Core/Src/input_reading.o
 .ARM.attributes
                0x00000000000000fe       0x2d ./Core/Src/main.o
 .ARM.attributes
                0x000000000000012b       0x2d ./Core/Src/scheduler.o
 .ARM.attributes
                0x0000000000000158       0x2d ./Core/Src/software_timer.o
 .ARM.attributes
                0x0000000000000185       0x2d ./Core/Src/stm32f1xx_hal_msp.o
 .ARM.attributes
                0x00000000000001b2       0x2d ./Core/Src/stm32f1xx_it.o
 .ARM.attributes
                0x00000000000001df       0x2d ./Core/Src/sysmem.o
 .ARM.attributes
                0x000000000000020c       0x2d ./Core/Src/system_stm32f1xx.o
 .ARM.attributes
                0x0000000000000239       0x21 ./Core/Startup/startup_stm32f103c6tx.o
 .ARM.attributes
                0x000000000000025a       0x2d ./Drivers/STM32F1xx_HAL_Driver/Src/stm32f1xx_hal.o
 .ARM.attributes
                0x0000000000000287       0x2d ./Drivers/STM32F1xx_HAL_Driver/Src/stm32f1xx_hal_cortex.o
 .ARM.attributes
                0x00000000000002b4       0x2d ./Drivers/STM32F1xx_HAL_Driver/Src/stm32f1xx_hal_dma.o
 .ARM.attributes
                0x00000000000002e1       0x2d ./Drivers/STM32F1xx_HAL_Driver/Src/stm32f1xx_hal_gpio.o
 .ARM.attributes
                0x000000000000030e       0x2d ./Drivers/STM32F1xx_HAL_Driver/Src/stm32f1xx_hal_rcc.o
 .ARM.attributes
                0x000000000000033b       0x2d ./Drivers/STM32F1xx_HAL_Driver/Src/stm32f1xx_hal_tim.o
 .ARM.attributes
                0x0000000000000368       0x2d ./Drivers/STM32F1xx_HAL_Driver/Src/stm32f1xx_hal_tim_ex.o
 .ARM.attributes
                0x0000000000000395       0x2d ./Drivers/STM32F1xx_HAL_Driver/Src/stm32f1xx_hal_uart.o
 .ARM.attributes
                0x00000000000003c2       0x2d c:/st/stm32cubeide_1.7.0/stm32cubeide/plugins/com.st.stm32cube.ide.mcu.externaltools.gnu-tools-for-stm32.10.3-2021.10.win32_1.0.0.202111181127/tools/bin/../lib/gcc/arm-none-eabi/10.3.1/../../../../arm-none-eabi/lib/thumb/v7-m/nofp\libc_nano.a(lib_a-errno.o)
 .ARM.attributes
                0x00000000000003ef       0x2d c:/st/stm32cubeide_1.7.0/stm32cubeide/plugins/com.st.stm32cube.ide.mcu.externaltools.gnu-tools-for-stm32.10.3-2021.10.win32_1.0.0.202111181127/tools/bin/../lib/gcc/arm-none-eabi/10.3.1/../../../../arm-none-eabi/lib/thumb/v7-m/nofp\libc_nano.a(lib_a-impure.o)
 .ARM.attributes
                0x000000000000041c       0x2d c:/st/stm32cubeide_1.7.0/stm32cubeide/plugins/com.st.stm32cube.ide.mcu.externaltools.gnu-tools-for-stm32.10.3-2021.10.win32_1.0.0.202111181127/tools/bin/../lib/gcc/arm-none-eabi/10.3.1/../../../../arm-none-eabi/lib/thumb/v7-m/nofp\libc_nano.a(lib_a-init.o)
 .ARM.attributes
                0x0000000000000449       0x2d c:/st/stm32cubeide_1.7.0/stm32cubeide/plugins/com.st.stm32cube.ide.mcu.externaltools.gnu-tools-for-stm32.10.3-2021.10.win32_1.0.0.202111181127/tools/bin/../lib/gcc/arm-none-eabi/10.3.1/../../../../arm-none-eabi/lib/thumb/v7-m/nofp\libc_nano.a(lib_a-memset.o)
 .ARM.attributes
                0x0000000000000476       0x2d c:/st/stm32cubeide_1.7.0/stm32cubeide/plugins/com.st.stm32cube.ide.mcu.externaltools.gnu-tools-for-stm32.10.3-2021.10.win32_1.0.0.202111181127/tools/bin/../lib/gcc/arm-none-eabi/10.3.1/../../../../arm-none-eabi/lib/thumb/v7-m/nofp\libc_nano.a(lib_a-sprintf.o)
 .ARM.attributes
                0x00000000000004a3       0x2d c:/st/stm32cubeide_1.7.0/stm32cubeide/plugins/com.st.stm32cube.ide.mcu.externaltools.gnu-tools-for-stm32.10.3-2021.10.win32_1.0.0.202111181127/tools/bin/../lib/gcc/arm-none-eabi/10.3.1/../../../../arm-none-eabi/lib/thumb/v7-m/nofp\libc_nano.a(lib_a-nano-svfprintf.o)
 .ARM.attributes
                0x00000000000004d0       0x2d c:/st/stm32cubeide_1.7.0/stm32cubeide/plugins/com.st.stm32cube.ide.mcu.externaltools.gnu-tools-for-stm32.10.3-2021.10.win32_1.0.0.202111181127/tools/bin/../lib/gcc/arm-none-eabi/10.3.1/../../../../arm-none-eabi/lib/thumb/v7-m/nofp\libc_nano.a(lib_a-nano-vfprintf_i.o)
 .ARM.attributes
                0x00000000000004fd       0x2d c:/st/stm32cubeide_1.7.0/stm32cubeide/plugins/com.st.stm32cube.ide.mcu.externaltools.gnu-tools-for-stm32.10.3-2021.10.win32_1.0.0.202111181127/tools/bin/../lib/gcc/arm-none-eabi/10.3.1/../../../../arm-none-eabi/lib/thumb/v7-m/nofp\libc_nano.a(lib_a-memchr-stub.o)
 .ARM.attributes
                0x000000000000052a       0x2d c:/st/stm32cubeide_1.7.0/stm32cubeide/plugins/com.st.stm32cube.ide.mcu.externaltools.gnu-tools-for-stm32.10.3-2021.10.win32_1.0.0.202111181127/tools/bin/../lib/gcc/arm-none-eabi/10.3.1/../../../../arm-none-eabi/lib/thumb/v7-m/nofp\libc_nano.a(lib_a-memcpy-stub.o)
 .ARM.attributes
                0x0000000000000557       0x2d c:/st/stm32cubeide_1.7.0/stm32cubeide/plugins/com.st.stm32cube.ide.mcu.externaltools.gnu-tools-for-stm32.10.3-2021.10.win32_1.0.0.202111181127/tools/bin/../lib/gcc/arm-none-eabi/10.3.1/../../../../arm-none-eabi/lib/thumb/v7-m/nofp\libc_nano.a(lib_a-memmove.o)
 .ARM.attributes
                0x0000000000000584       0x2d c:/st/stm32cubeide_1.7.0/stm32cubeide/plugins/com.st.stm32cube.ide.mcu.externaltools.gnu-tools-for-stm32.10.3-2021.10.win32_1.0.0.202111181127/tools/bin/../lib/gcc/arm-none-eabi/10.3.1/../../../../arm-none-eabi/lib/thumb/v7-m/nofp\libc_nano.a(lib_a-nano-freer.o)
 .ARM.attributes
                0x00000000000005b1       0x2d c:/st/stm32cubeide_1.7.0/stm32cubeide/plugins/com.st.stm32cube.ide.mcu.externaltools.gnu-tools-for-stm32.10.3-2021.10.win32_1.0.0.202111181127/tools/bin/../lib/gcc/arm-none-eabi/10.3.1/../../../../arm-none-eabi/lib/thumb/v7-m/nofp\libc_nano.a(lib_a-nano-mallocr.o)
 .ARM.attributes
                0x00000000000005de       0x2d c:/st/stm32cubeide_1.7.0/stm32cubeide/plugins/com.st.stm32cube.ide.mcu.externaltools.gnu-tools-for-stm32.10.3-2021.10.win32_1.0.0.202111181127/tools/bin/../lib/gcc/arm-none-eabi/10.3.1/../../../../arm-none-eabi/lib/thumb/v7-m/nofp\libc_nano.a(lib_a-nano-reallocr.o)
 .ARM.attributes
                0x000000000000060b       0x2d c:/st/stm32cubeide_1.7.0/stm32cubeide/plugins/com.st.stm32cube.ide.mcu.externaltools.gnu-tools-for-stm32.10.3-2021.10.win32_1.0.0.202111181127/tools/bin/../lib/gcc/arm-none-eabi/10.3.1/../../../../arm-none-eabi/lib/thumb/v7-m/nofp\libc_nano.a(lib_a-sbrkr.o)
 .ARM.attributes
                0x0000000000000638       0x2d c:/st/stm32cubeide_1.7.0/stm32cubeide/plugins/com.st.stm32cube.ide.mcu.externaltools.gnu-tools-for-stm32.10.3-2021.10.win32_1.0.0.202111181127/tools/bin/../lib/gcc/arm-none-eabi/10.3.1/../../../../arm-none-eabi/lib/thumb/v7-m/nofp\libc_nano.a(lib_a-mlock.o)
 .ARM.attributes
                0x0000000000000665       0x2d c:/st/stm32cubeide_1.7.0/stm32cubeide/plugins/com.st.stm32cube.ide.mcu.externaltools.gnu-tools-for-stm32.10.3-2021.10.win32_1.0.0.202111181127/tools/bin/../lib/gcc/arm-none-eabi/10.3.1/../../../../arm-none-eabi/lib/thumb/v7-m/nofp\libc_nano.a(lib_a-nano-msizer.o)
 .ARM.attributes
                0x0000000000000692       0x2d c:/st/stm32cubeide_1.7.0/stm32cubeide/plugins/com.st.stm32cube.ide.mcu.externaltools.gnu-tools-for-stm32.10.3-2021.10.win32_1.0.0.202111181127/tools/bin/../lib/gcc/arm-none-eabi/10.3.1/../../../../arm-none-eabi/lib/thumb/v7-m/nofp\libc_nano.a(lib_a-reent.o)
 .ARM.attributes
                0x00000000000006bf       0x2d c:/st/stm32cubeide_1.7.0/stm32cubeide/plugins/com.st.stm32cube.ide.mcu.externaltools.gnu-tools-for-stm32.10.3-2021.10.win32_1.0.0.202111181127/tools/bin/../lib/gcc/arm-none-eabi/10.3.1/../../../../arm-none-eabi/lib/thumb/v7-m/nofp\libc_nano.a(lib_a-lock.o)
 .ARM.attributes
                0x00000000000006ec       0x1d c:/st/stm32cubeide_1.7.0/stm32cubeide/plugins/com.st.stm32cube.ide.mcu.externaltools.gnu-tools-for-stm32.10.3-2021.10.win32_1.0.0.202111181127/tools/bin/../lib/gcc/arm-none-eabi/10.3.1/thumb/v7-m/nofp/crtn.o
OUTPUT(final_project_test.elf elf32-littlearm)
LOAD linker stubs
LOAD c:/st/stm32cubeide_1.7.0/stm32cubeide/plugins/com.st.stm32cube.ide.mcu.externaltools.gnu-tools-for-stm32.10.3-2021.10.win32_1.0.0.202111181127/tools/bin/../lib/gcc/arm-none-eabi/10.3.1/../../../../arm-none-eabi/lib/thumb/v7-m/nofp\libc.a
LOAD c:/st/stm32cubeide_1.7.0/stm32cubeide/plugins/com.st.stm32cube.ide.mcu.externaltools.gnu-tools-for-stm32.10.3-2021.10.win32_1.0.0.202111181127/tools/bin/../lib/gcc/arm-none-eabi/10.3.1/../../../../arm-none-eabi/lib/thumb/v7-m/nofp\libm.a
LOAD c:/st/stm32cubeide_1.7.0/stm32cubeide/plugins/com.st.stm32cube.ide.mcu.externaltools.gnu-tools-for-stm32.10.3-2021.10.win32_1.0.0.202111181127/tools/bin/../lib/gcc/arm-none-eabi/10.3.1/thumb/v7-m/nofp\libgcc.a

.debug_info     0x0000000000000000     0xb523
 .debug_info    0x0000000000000000      0x6bd ./Core/Src/fsm_traffic_light.o
 .debug_info    0x00000000000006bd       0xf9 ./Core/Src/global.o
 .debug_info    0x00000000000007b6      0x1ff ./Core/Src/hardware_layer.o
 .debug_info    0x00000000000009b5      0x299 ./Core/Src/input_reading.o
 .debug_info    0x0000000000000c4e      0xf07 ./Core/Src/main.o
 .debug_info    0x0000000000001b55      0x1df ./Core/Src/scheduler.o
 .debug_info    0x0000000000001d34      0x12d ./Core/Src/software_timer.o
 .debug_info    0x0000000000001e61      0xcd4 ./Core/Src/stm32f1xx_hal_msp.o
 .debug_info    0x0000000000002b35      0x989 ./Core/Src/stm32f1xx_it.o
 .debug_info    0x00000000000034be      0x171 ./Core/Src/sysmem.o
 .debug_info    0x000000000000362f      0x23d ./Core/Src/system_stm32f1xx.o
 .debug_info    0x000000000000386c       0x22 ./Core/Startup/startup_stm32f103c6tx.o
 .debug_info    0x000000000000388e      0x716 ./Drivers/STM32F1xx_HAL_Driver/Src/stm32f1xx_hal.o
 .debug_info    0x0000000000003fa4      0xb02 ./Drivers/STM32F1xx_HAL_Driver/Src/stm32f1xx_hal_cortex.o
 .debug_info    0x0000000000004aa6      0x73f ./Drivers/STM32F1xx_HAL_Driver/Src/stm32f1xx_hal_dma.o
 .debug_info    0x00000000000051e5      0x615 ./Drivers/STM32F1xx_HAL_Driver/Src/stm32f1xx_hal_gpio.o
 .debug_info    0x00000000000057fa      0x860 ./Drivers/STM32F1xx_HAL_Driver/Src/stm32f1xx_hal_rcc.o
 .debug_info    0x000000000000605a     0x29de ./Drivers/STM32F1xx_HAL_Driver/Src/stm32f1xx_hal_tim.o
 .debug_info    0x0000000000008a38     0x1513 ./Drivers/STM32F1xx_HAL_Driver/Src/stm32f1xx_hal_tim_ex.o
 .debug_info    0x0000000000009f4b     0x15d8 ./Drivers/STM32F1xx_HAL_Driver/Src/stm32f1xx_hal_uart.o

.debug_abbrev   0x0000000000000000     0x20bb
 .debug_abbrev  0x0000000000000000      0x1a7 ./Core/Src/fsm_traffic_light.o
 .debug_abbrev  0x00000000000001a7       0x40 ./Core/Src/global.o
 .debug_abbrev  0x00000000000001e7      0x114 ./Core/Src/hardware_layer.o
 .debug_abbrev  0x00000000000002fb      0x181 ./Core/Src/input_reading.o
 .debug_abbrev  0x000000000000047c      0x2e0 ./Core/Src/main.o
 .debug_abbrev  0x000000000000075c      0x100 ./Core/Src/scheduler.o
 .debug_abbrev  0x000000000000085c       0x8b ./Core/Src/software_timer.o
 .debug_abbrev  0x00000000000008e7      0x1c5 ./Core/Src/stm32f1xx_hal_msp.o
 .debug_abbrev  0x0000000000000aac      0x184 ./Core/Src/stm32f1xx_it.o
 .debug_abbrev  0x0000000000000c30       0xbb ./Core/Src/sysmem.o
 .debug_abbrev  0x0000000000000ceb      0x13b ./Core/Src/system_stm32f1xx.o
 .debug_abbrev  0x0000000000000e26       0x12 ./Core/Startup/startup_stm32f103c6tx.o
 .debug_abbrev  0x0000000000000e38      0x1fb ./Drivers/STM32F1xx_HAL_Driver/Src/stm32f1xx_hal.o
 .debug_abbrev  0x0000000000001033      0x2ed ./Drivers/STM32F1xx_HAL_Driver/Src/stm32f1xx_hal_cortex.o
 .debug_abbrev  0x0000000000001320      0x1fe ./Drivers/STM32F1xx_HAL_Driver/Src/stm32f1xx_hal_dma.o
 .debug_abbrev  0x000000000000151e      0x1bb ./Drivers/STM32F1xx_HAL_Driver/Src/stm32f1xx_hal_gpio.o
 .debug_abbrev  0x00000000000016d9      0x2a8 ./Drivers/STM32F1xx_HAL_Driver/Src/stm32f1xx_hal_rcc.o
 .debug_abbrev  0x0000000000001981      0x25d ./Drivers/STM32F1xx_HAL_Driver/Src/stm32f1xx_hal_tim.o
 .debug_abbrev  0x0000000000001bde      0x265 ./Drivers/STM32F1xx_HAL_Driver/Src/stm32f1xx_hal_tim_ex.o
 .debug_abbrev  0x0000000000001e43      0x278 ./Drivers/STM32F1xx_HAL_Driver/Src/stm32f1xx_hal_uart.o

.debug_aranges  0x0000000000000000      0xcf8
 .debug_aranges
                0x0000000000000000       0x28 ./Core/Src/fsm_traffic_light.o
 .debug_aranges
                0x0000000000000028       0x18 ./Core/Src/global.o
 .debug_aranges
                0x0000000000000040       0x30 ./Core/Src/hardware_layer.o
 .debug_aranges
                0x0000000000000070       0x30 ./Core/Src/input_reading.o
 .debug_aranges
                0x00000000000000a0       0x50 ./Core/Src/main.o
 .debug_aranges
                0x00000000000000f0       0x30 ./Core/Src/scheduler.o
 .debug_aranges
                0x0000000000000120       0x38 ./Core/Src/software_timer.o
 .debug_aranges
                0x0000000000000158       0x40 ./Core/Src/stm32f1xx_hal_msp.o
 .debug_aranges
                0x0000000000000198       0x70 ./Core/Src/stm32f1xx_it.o
 .debug_aranges
                0x0000000000000208       0x20 ./Core/Src/sysmem.o
 .debug_aranges
                0x0000000000000228       0x28 ./Core/Src/system_stm32f1xx.o
 .debug_aranges
                0x0000000000000250       0x28 ./Core/Startup/startup_stm32f103c6tx.o
 .debug_aranges
                0x0000000000000278       0xe0 ./Drivers/STM32F1xx_HAL_Driver/Src/stm32f1xx_hal.o
 .debug_aranges
                0x0000000000000358      0x100 ./Drivers/STM32F1xx_HAL_Driver/Src/stm32f1xx_hal_cortex.o
 .debug_aranges
                0x0000000000000458       0x80 ./Drivers/STM32F1xx_HAL_Driver/Src/stm32f1xx_hal_dma.o
 .debug_aranges
                0x00000000000004d8       0x58 ./Drivers/STM32F1xx_HAL_Driver/Src/stm32f1xx_hal_gpio.o
 .debug_aranges
                0x0000000000000530       0x90 ./Drivers/STM32F1xx_HAL_Driver/Src/stm32f1xx_hal_rcc.o
 .debug_aranges
                0x00000000000005c0      0x3d0 ./Drivers/STM32F1xx_HAL_Driver/Src/stm32f1xx_hal_tim.o
 .debug_aranges
                0x0000000000000990      0x168 ./Drivers/STM32F1xx_HAL_Driver/Src/stm32f1xx_hal_tim_ex.o
 .debug_aranges
                0x0000000000000af8      0x200 ./Drivers/STM32F1xx_HAL_Driver/Src/stm32f1xx_hal_uart.o

.debug_ranges   0x0000000000000000      0xbe8
 .debug_ranges  0x0000000000000000       0x18 ./Core/Src/fsm_traffic_light.o
 .debug_ranges  0x0000000000000018       0x20 ./Core/Src/hardware_layer.o
 .debug_ranges  0x0000000000000038       0x20 ./Core/Src/input_reading.o
 .debug_ranges  0x0000000000000058       0x40 ./Core/Src/main.o
 .debug_ranges  0x0000000000000098       0x20 ./Core/Src/scheduler.o
 .debug_ranges  0x00000000000000b8       0x28 ./Core/Src/software_timer.o
 .debug_ranges  0x00000000000000e0       0x30 ./Core/Src/stm32f1xx_hal_msp.o
 .debug_ranges  0x0000000000000110       0x60 ./Core/Src/stm32f1xx_it.o
 .debug_ranges  0x0000000000000170       0x10 ./Core/Src/sysmem.o
 .debug_ranges  0x0000000000000180       0x18 ./Core/Src/system_stm32f1xx.o
 .debug_ranges  0x0000000000000198       0x20 ./Core/Startup/startup_stm32f103c6tx.o
 .debug_ranges  0x00000000000001b8       0xd0 ./Drivers/STM32F1xx_HAL_Driver/Src/stm32f1xx_hal.o
 .debug_ranges  0x0000000000000288       0xf0 ./Drivers/STM32F1xx_HAL_Driver/Src/stm32f1xx_hal_cortex.o
 .debug_ranges  0x0000000000000378       0x70 ./Drivers/STM32F1xx_HAL_Driver/Src/stm32f1xx_hal_dma.o
 .debug_ranges  0x00000000000003e8       0x48 ./Drivers/STM32F1xx_HAL_Driver/Src/stm32f1xx_hal_gpio.o
 .debug_ranges  0x0000000000000430       0x80 ./Drivers/STM32F1xx_HAL_Driver/Src/stm32f1xx_hal_rcc.o
 .debug_ranges  0x00000000000004b0      0x3c0 ./Drivers/STM32F1xx_HAL_Driver/Src/stm32f1xx_hal_tim.o
 .debug_ranges  0x0000000000000870      0x158 ./Drivers/STM32F1xx_HAL_Driver/Src/stm32f1xx_hal_tim_ex.o
 .debug_ranges  0x00000000000009c8      0x220 ./Drivers/STM32F1xx_HAL_Driver/Src/stm32f1xx_hal_uart.o

.debug_macro    0x0000000000000000    0x18689
 .debug_macro   0x0000000000000000      0x34f ./Core/Src/fsm_traffic_light.o
 .debug_macro   0x000000000000034f      0xa6c ./Core/Src/fsm_traffic_light.o
 .debug_macro   0x0000000000000dbb       0x4c ./Core/Src/fsm_traffic_light.o
 .debug_macro   0x0000000000000e07       0x22 ./Core/Src/fsm_traffic_light.o
 .debug_macro   0x0000000000000e29       0x8e ./Core/Src/fsm_traffic_light.o
 .debug_macro   0x0000000000000eb7       0x51 ./Core/Src/fsm_traffic_light.o
 .debug_macro   0x0000000000000f08      0x103 ./Core/Src/fsm_traffic_light.o
 .debug_macro   0x000000000000100b       0x6a ./Core/Src/fsm_traffic_light.o
 .debug_macro   0x0000000000001075      0x1df ./Core/Src/fsm_traffic_light.o
 .debug_macro   0x0000000000001254       0x34 ./Core/Src/fsm_traffic_light.o
 .debug_macro   0x0000000000001288       0x10 ./Core/Src/fsm_traffic_light.o
 .debug_macro   0x0000000000001298       0x52 ./Core/Src/fsm_traffic_light.o
 .debug_macro   0x00000000000012ea       0x18 ./Core/Src/fsm_traffic_light.o
 .debug_macro   0x0000000000001302       0x3c ./Core/Src/fsm_traffic_light.o
 .debug_macro   0x000000000000133e       0x34 ./Core/Src/fsm_traffic_light.o
 .debug_macro   0x0000000000001372       0x16 ./Core/Src/fsm_traffic_light.o
 .debug_macro   0x0000000000001388       0x97 ./Core/Src/fsm_traffic_light.o
 .debug_macro   0x000000000000141f      0x341 ./Core/Src/fsm_traffic_light.o
 .debug_macro   0x0000000000001760       0xfd ./Core/Src/fsm_traffic_light.o
 .debug_macro   0x000000000000185d       0x10 ./Core/Src/fsm_traffic_light.o
 .debug_macro   0x000000000000186d       0x16 ./Core/Src/fsm_traffic_light.o
 .debug_macro   0x0000000000001883       0x43 ./Core/Src/fsm_traffic_light.o
 .debug_macro   0x00000000000018c6       0x34 ./Core/Src/fsm_traffic_light.o
 .debug_macro   0x00000000000018fa       0x10 ./Core/Src/fsm_traffic_light.o
 .debug_macro   0x000000000000190a       0x58 ./Core/Src/fsm_traffic_light.o
 .debug_macro   0x0000000000001962       0x71 ./Core/Src/fsm_traffic_light.o
 .debug_macro   0x00000000000019d3       0x1c ./Core/Src/fsm_traffic_light.o
 .debug_macro   0x00000000000019ef      0x12a ./Core/Src/fsm_traffic_light.o
 .debug_macro   0x0000000000001b19       0x10 ./Core/Src/fsm_traffic_light.o
 .debug_macro   0x0000000000001b29       0x1c ./Core/Src/fsm_traffic_light.o
 .debug_macro   0x0000000000001b45       0x52 ./Core/Src/fsm_traffic_light.o
 .debug_macro   0x0000000000001b97       0x22 ./Core/Src/fsm_traffic_light.o
 .debug_macro   0x0000000000001bb9       0x10 ./Core/Src/fsm_traffic_light.o
 .debug_macro   0x0000000000001bc9       0x52 ./Core/Src/fsm_traffic_light.o
 .debug_macro   0x0000000000001c1b       0xd5 ./Core/Src/fsm_traffic_light.o
 .debug_macro   0x0000000000001cf0       0x1c ./Core/Src/fsm_traffic_light.o
 .debug_macro   0x0000000000001d0c       0x3d ./Core/Src/fsm_traffic_light.o
 .debug_macro   0x0000000000001d49       0x16 ./Core/Src/fsm_traffic_light.o
 .debug_macro   0x0000000000001d5f      0x145 ./Core/Src/fsm_traffic_light.o
 .debug_macro   0x0000000000001ea4      0x21b ./Core/Src/fsm_traffic_light.o
 .debug_macro   0x00000000000020bf       0x2e ./Core/Src/fsm_traffic_light.o
 .debug_macro   0x00000000000020ed       0x22 ./Core/Src/fsm_traffic_light.o
 .debug_macro   0x000000000000210f       0x1c ./Core/Src/fsm_traffic_light.o
 .debug_macro   0x000000000000212b       0x22 ./Core/Src/fsm_traffic_light.o
 .debug_macro   0x000000000000214d       0xbd ./Core/Src/fsm_traffic_light.o
 .debug_macro   0x000000000000220a      0xd23 ./Core/Src/fsm_traffic_light.o
 .debug_macro   0x0000000000002f2d     0xde75 ./Core/Src/fsm_traffic_light.o
 .debug_macro   0x0000000000010da2       0x6d ./Core/Src/fsm_traffic_light.o
 .debug_macro   0x0000000000010e0f     0x3468 ./Core/Src/fsm_traffic_light.o
 .debug_macro   0x0000000000014277       0x56 ./Core/Src/fsm_traffic_light.o
 .debug_macro   0x00000000000142cd      0x5be ./Core/Src/fsm_traffic_light.o
 .debug_macro   0x000000000001488b      0x1b7 ./Core/Src/fsm_traffic_light.o
 .debug_macro   0x0000000000014a42      0x1cb ./Core/Src/fsm_traffic_light.o
 .debug_macro   0x0000000000014c0d      0x114 ./Core/Src/fsm_traffic_light.o
 .debug_macro   0x0000000000014d21      0x1b2 ./Core/Src/fsm_traffic_light.o
 .debug_macro   0x0000000000014ed3       0x27 ./Core/Src/fsm_traffic_light.o
 .debug_macro   0x0000000000014efa      0x12f ./Core/Src/fsm_traffic_light.o
 .debug_macro   0x0000000000015029      0x1bc ./Core/Src/fsm_traffic_light.o
 .debug_macro   0x00000000000151e5       0x34 ./Core/Src/fsm_traffic_light.o
 .debug_macro   0x0000000000015219       0x3c ./Core/Src/fsm_traffic_light.o
 .debug_macro   0x0000000000015255       0x57 ./Core/Src/fsm_traffic_light.o
 .debug_macro   0x00000000000152ac       0x88 ./Core/Src/fsm_traffic_light.o
 .debug_macro   0x0000000000015334      0x183 ./Core/Src/fsm_traffic_light.o
 .debug_macro   0x00000000000154b7      0x141 ./Core/Src/fsm_traffic_light.o
 .debug_macro   0x00000000000155f8      0x8d1 ./Core/Src/fsm_traffic_light.o
 .debug_macro   0x0000000000015ec9      0x279 ./Core/Src/fsm_traffic_light.o
 .debug_macro   0x0000000000016142       0x69 ./Core/Src/fsm_traffic_light.o
 .debug_macro   0x00000000000161ab       0x94 ./Core/Src/fsm_traffic_light.o
 .debug_macro   0x000000000001623f       0x1a ./Core/Src/global.o
 .debug_macro   0x0000000000016259      0x31a ./Core/Src/hardware_layer.o
 .debug_macro   0x0000000000016573      0x174 ./Core/Src/hardware_layer.o
 .debug_macro   0x00000000000166e7       0x5c ./Core/Src/hardware_layer.o
 .debug_macro   0x0000000000016743       0x35 ./Core/Src/hardware_layer.o
 .debug_macro   0x0000000000016778      0x25f ./Core/Src/input_reading.o
 .debug_macro   0x00000000000169d7       0x4c ./Core/Src/input_reading.o
 .debug_macro   0x0000000000016a23       0x94 ./Core/Src/input_reading.o
 .debug_macro   0x0000000000016ab7       0x57 ./Core/Src/input_reading.o
 .debug_macro   0x0000000000016b0e      0x19b ./Core/Src/input_reading.o
 .debug_macro   0x0000000000016ca9      0x348 ./Core/Src/main.o
 .debug_macro   0x0000000000016ff1       0x10 ./Core/Src/main.o
 .debug_macro   0x0000000000017001       0x73 ./Core/Src/scheduler.o
 .debug_macro   0x0000000000017074       0x1a ./Core/Src/software_timer.o
 .debug_macro   0x000000000001708e      0x1b1 ./Core/Src/stm32f1xx_hal_msp.o
 .debug_macro   0x000000000001723f      0x1bb ./Core/Src/stm32f1xx_it.o
 .debug_macro   0x00000000000173fa       0xff ./Core/Src/sysmem.o
 .debug_macro   0x00000000000174f9      0x23b ./Core/Src/sysmem.o
 .debug_macro   0x0000000000017734      0x1a2 ./Core/Src/system_stm32f1xx.o
 .debug_macro   0x00000000000178d6      0x1c6 ./Drivers/STM32F1xx_HAL_Driver/Src/stm32f1xx_hal.o
 .debug_macro   0x0000000000017a9c      0x1a2 ./Drivers/STM32F1xx_HAL_Driver/Src/stm32f1xx_hal_cortex.o
 .debug_macro   0x0000000000017c3e      0x1a2 ./Drivers/STM32F1xx_HAL_Driver/Src/stm32f1xx_hal_dma.o
 .debug_macro   0x0000000000017de0      0x20d ./Drivers/STM32F1xx_HAL_Driver/Src/stm32f1xx_hal_gpio.o
 .debug_macro   0x0000000000017fed      0x1b4 ./Drivers/STM32F1xx_HAL_Driver/Src/stm32f1xx_hal_rcc.o
 .debug_macro   0x00000000000181a1      0x1a3 ./Drivers/STM32F1xx_HAL_Driver/Src/stm32f1xx_hal_tim.o
 .debug_macro   0x0000000000018344      0x1a2 ./Drivers/STM32F1xx_HAL_Driver/Src/stm32f1xx_hal_tim_ex.o
 .debug_macro   0x00000000000184e6      0x1a3 ./Drivers/STM32F1xx_HAL_Driver/Src/stm32f1xx_hal_uart.o

.debug_line     0x0000000000000000     0xe355
 .debug_line    0x0000000000000000      0xaf1 ./Core/Src/fsm_traffic_light.o
 .debug_line    0x0000000000000af1       0x4d ./Core/Src/global.o
 .debug_line    0x0000000000000b3e      0x8b5 ./Core/Src/hardware_layer.o
 .debug_line    0x00000000000013f3      0x87a ./Core/Src/input_reading.o
 .debug_line    0x0000000000001c6d      0xa30 ./Core/Src/main.o
 .debug_line    0x000000000000269d      0x442 ./Core/Src/scheduler.o
 .debug_line    0x0000000000002adf       0xeb ./Core/Src/software_timer.o
 .debug_line    0x0000000000002bca      0x6fe ./Core/Src/stm32f1xx_hal_msp.o
 .debug_line    0x00000000000032c8      0x760 ./Core/Src/stm32f1xx_it.o
 .debug_line    0x0000000000003a28      0x4e5 ./Core/Src/sysmem.o
 .debug_line    0x0000000000003f0d      0x6ec ./Core/Src/system_stm32f1xx.o
 .debug_line    0x00000000000045f9       0x87 ./Core/Startup/startup_stm32f103c6tx.o
 .debug_line    0x0000000000004680      0x919 ./Drivers/STM32F1xx_HAL_Driver/Src/stm32f1xx_hal.o
 .debug_line    0x0000000000004f99      0xb01 ./Drivers/STM32F1xx_HAL_Driver/Src/stm32f1xx_hal_cortex.o
 .debug_line    0x0000000000005a9a      0xd71 ./Drivers/STM32F1xx_HAL_Driver/Src/stm32f1xx_hal_dma.o
 .debug_line    0x000000000000680b      0x99b ./Drivers/STM32F1xx_HAL_Driver/Src/stm32f1xx_hal_gpio.o
 .debug_line    0x00000000000071a6      0xd27 ./Drivers/STM32F1xx_HAL_Driver/Src/stm32f1xx_hal_rcc.o
 .debug_line    0x0000000000007ecd     0x3285 ./Drivers/STM32F1xx_HAL_Driver/Src/stm32f1xx_hal_tim.o
 .debug_line    0x000000000000b152     0x180f ./Drivers/STM32F1xx_HAL_Driver/Src/stm32f1xx_hal_tim_ex.o
 .debug_line    0x000000000000c961     0x19f4 ./Drivers/STM32F1xx_HAL_Driver/Src/stm32f1xx_hal_uart.o

.debug_str      0x0000000000000000    0x89035
 .debug_str     0x0000000000000000    0x85127 ./Core/Src/fsm_traffic_light.o
                                      0x854b7 (size before relaxing)
 .debug_str     0x0000000000085127       0x1e ./Core/Src/global.o
                                       0x2d97 (size before relaxing)
 .debug_str     0x0000000000085145       0x6b ./Core/Src/hardware_layer.o
                                      0x84f0a (size before relaxing)
 .debug_str     0x00000000000851b0      0x8a0 ./Core/Src/input_reading.o
                                      0x84812 (size before relaxing)
 .debug_str     0x0000000000085a50      0x5fa ./Core/Src/main.o
                                      0x85b0e (size before relaxing)
 .debug_str     0x000000000008604a       0x81 ./Core/Src/scheduler.o
                                       0x3c9a (size before relaxing)
 .debug_str     0x00000000000860cb       0x51 ./Core/Src/software_timer.o
                                       0x2d44 (size before relaxing)
 .debug_str     0x000000000008611c      0x30c ./Core/Src/stm32f1xx_hal_msp.o
                                      0x81ba4 (size before relaxing)
 .debug_str     0x0000000000086428      0x112 ./Core/Src/stm32f1xx_it.o
                                      0x818af (size before relaxing)
 .debug_str     0x000000000008653a      0x4da ./Core/Src/sysmem.o
                                       0x5d70 (size before relaxing)
 .debug_str     0x0000000000086a14       0x7e ./Core/Src/system_stm32f1xx.o
                                      0x80f50 (size before relaxing)
 .debug_str     0x0000000000086a92       0x36 ./Core/Startup/startup_stm32f103c6tx.o
                                         0x8a (size before relaxing)
 .debug_str     0x0000000000086ac8      0x38e ./Drivers/STM32F1xx_HAL_Driver/Src/stm32f1xx_hal.o
                                      0x81649 (size before relaxing)
 .debug_str     0x0000000000086e56      0x29e ./Drivers/STM32F1xx_HAL_Driver/Src/stm32f1xx_hal_cortex.o
                                      0x81595 (size before relaxing)
 .debug_str     0x00000000000870f4      0x235 ./Drivers/STM32F1xx_HAL_Driver/Src/stm32f1xx_hal_dma.o
                                      0x812f9 (size before relaxing)
 .debug_str     0x0000000000087329      0x2f4 ./Drivers/STM32F1xx_HAL_Driver/Src/stm32f1xx_hal_gpio.o
                                      0x812d6 (size before relaxing)
 .debug_str     0x000000000008761d      0x229 ./Drivers/STM32F1xx_HAL_Driver/Src/stm32f1xx_hal_rcc.o
                                      0x8137f (size before relaxing)
 .debug_str     0x0000000000087846      0xda3 ./Drivers/STM32F1xx_HAL_Driver/Src/stm32f1xx_hal_tim.o
                                      0x8236a (size before relaxing)
 .debug_str     0x00000000000885e9      0x493 ./Drivers/STM32F1xx_HAL_Driver/Src/stm32f1xx_hal_tim_ex.o
                                      0x81b86 (size before relaxing)
 .debug_str     0x0000000000088a7c      0x5b9 ./Drivers/STM32F1xx_HAL_Driver/Src/stm32f1xx_hal_uart.o
                                      0x8198a (size before relaxing)

.comment        0x0000000000000000       0x50
 .comment       0x0000000000000000       0x50 ./Core/Src/fsm_traffic_light.o
                                         0x51 (size before relaxing)
 .comment       0x0000000000000050       0x51 ./Core/Src/global.o
 .comment       0x0000000000000050       0x51 ./Core/Src/hardware_layer.o
 .comment       0x0000000000000050       0x51 ./Core/Src/input_reading.o
 .comment       0x0000000000000050       0x51 ./Core/Src/main.o
 .comment       0x0000000000000050       0x51 ./Core/Src/scheduler.o
 .comment       0x0000000000000050       0x51 ./Core/Src/software_timer.o
 .comment       0x0000000000000050       0x51 ./Core/Src/stm32f1xx_hal_msp.o
 .comment       0x0000000000000050       0x51 ./Core/Src/stm32f1xx_it.o
 .comment       0x0000000000000050       0x51 ./Core/Src/sysmem.o
 .comment       0x0000000000000050       0x51 ./Core/Src/system_stm32f1xx.o
 .comment       0x0000000000000050       0x51 ./Drivers/STM32F1xx_HAL_Driver/Src/stm32f1xx_hal.o
 .comment       0x0000000000000050       0x51 ./Drivers/STM32F1xx_HAL_Driver/Src/stm32f1xx_hal_cortex.o
 .comment       0x0000000000000050       0x51 ./Drivers/STM32F1xx_HAL_Driver/Src/stm32f1xx_hal_dma.o
 .comment       0x0000000000000050       0x51 ./Drivers/STM32F1xx_HAL_Driver/Src/stm32f1xx_hal_gpio.o
 .comment       0x0000000000000050       0x51 ./Drivers/STM32F1xx_HAL_Driver/Src/stm32f1xx_hal_rcc.o
 .comment       0x0000000000000050       0x51 ./Drivers/STM32F1xx_HAL_Driver/Src/stm32f1xx_hal_tim.o
 .comment       0x0000000000000050       0x51 ./Drivers/STM32F1xx_HAL_Driver/Src/stm32f1xx_hal_tim_ex.o
 .comment       0x0000000000000050       0x51 ./Drivers/STM32F1xx_HAL_Driver/Src/stm32f1xx_hal_uart.o

.debug_frame    0x0000000000000000     0x3850
 .debug_frame   0x0000000000000000       0x48 ./Core/Src/fsm_traffic_light.o
 .debug_frame   0x0000000000000048       0x7c ./Core/Src/hardware_layer.o
 .debug_frame   0x00000000000000c4       0x80 ./Core/Src/input_reading.o
 .debug_frame   0x0000000000000144       0xf0 ./Core/Src/main.o
 .debug_frame   0x0000000000000234       0x84 ./Core/Src/scheduler.o
 .debug_frame   0x00000000000002b8       0xb0 ./Core/Src/software_timer.o
 .debug_frame   0x0000000000000368       0xc8 ./Core/Src/stm32f1xx_hal_msp.o
 .debug_frame   0x0000000000000430      0x13c ./Core/Src/stm32f1xx_it.o
 .debug_frame   0x000000000000056c       0x34 ./Core/Src/sysmem.o
 .debug_frame   0x00000000000005a0       0x58 ./Core/Src/system_stm32f1xx.o
 .debug_frame   0x00000000000005f8      0x334 ./Drivers/STM32F1xx_HAL_Driver/Src/stm32f1xx_hal.o
 .debug_frame   0x000000000000092c      0x428 ./Drivers/STM32F1xx_HAL_Driver/Src/stm32f1xx_hal_cortex.o
 .debug_frame   0x0000000000000d54      0x208 ./Drivers/STM32F1xx_HAL_Driver/Src/stm32f1xx_hal_dma.o
 .debug_frame   0x0000000000000f5c      0x14c ./Drivers/STM32F1xx_HAL_Driver/Src/stm32f1xx_hal_gpio.o
 .debug_frame   0x00000000000010a8      0x21c ./Drivers/STM32F1xx_HAL_Driver/Src/stm32f1xx_hal_rcc.o
 .debug_frame   0x00000000000012c4     0x11b8 ./Drivers/STM32F1xx_HAL_Driver/Src/stm32f1xx_hal_tim.o
 .debug_frame   0x000000000000247c      0x638 ./Drivers/STM32F1xx_HAL_Driver/Src/stm32f1xx_hal_tim_ex.o
 .debug_frame   0x0000000000002ab4      0x914 ./Drivers/STM32F1xx_HAL_Driver/Src/stm32f1xx_hal_uart.o
 .debug_frame   0x00000000000033c8       0x20 c:/st/stm32cubeide_1.7.0/stm32cubeide/plugins/com.st.stm32cube.ide.mcu.externaltools.gnu-tools-for-stm32.10.3-2021.10.win32_1.0.0.202111181127/tools/bin/../lib/gcc/arm-none-eabi/10.3.1/../../../../arm-none-eabi/lib/thumb/v7-m/nofp\libc_nano.a(lib_a-errno.o)
 .debug_frame   0x00000000000033e8       0x2c c:/st/stm32cubeide_1.7.0/stm32cubeide/plugins/com.st.stm32cube.ide.mcu.externaltools.gnu-tools-for-stm32.10.3-2021.10.win32_1.0.0.202111181127/tools/bin/../lib/gcc/arm-none-eabi/10.3.1/../../../../arm-none-eabi/lib/thumb/v7-m/nofp\libc_nano.a(lib_a-init.o)
 .debug_frame   0x0000000000003414       0x20 c:/st/stm32cubeide_1.7.0/stm32cubeide/plugins/com.st.stm32cube.ide.mcu.externaltools.gnu-tools-for-stm32.10.3-2021.10.win32_1.0.0.202111181127/tools/bin/../lib/gcc/arm-none-eabi/10.3.1/../../../../arm-none-eabi/lib/thumb/v7-m/nofp\libc_nano.a(lib_a-memset.o)
 .debug_frame   0x0000000000003434       0x6c c:/st/stm32cubeide_1.7.0/stm32cubeide/plugins/com.st.stm32cube.ide.mcu.externaltools.gnu-tools-for-stm32.10.3-2021.10.win32_1.0.0.202111181127/tools/bin/../lib/gcc/arm-none-eabi/10.3.1/../../../../arm-none-eabi/lib/thumb/v7-m/nofp\libc_nano.a(lib_a-sprintf.o)
 .debug_frame   0x00000000000034a0       0x90 c:/st/stm32cubeide_1.7.0/stm32cubeide/plugins/com.st.stm32cube.ide.mcu.externaltools.gnu-tools-for-stm32.10.3-2021.10.win32_1.0.0.202111181127/tools/bin/../lib/gcc/arm-none-eabi/10.3.1/../../../../arm-none-eabi/lib/thumb/v7-m/nofp\libc_nano.a(lib_a-nano-svfprintf.o)
 .debug_frame   0x0000000000003530       0x60 c:/st/stm32cubeide_1.7.0/stm32cubeide/plugins/com.st.stm32cube.ide.mcu.externaltools.gnu-tools-for-stm32.10.3-2021.10.win32_1.0.0.202111181127/tools/bin/../lib/gcc/arm-none-eabi/10.3.1/../../../../arm-none-eabi/lib/thumb/v7-m/nofp\libc_nano.a(lib_a-nano-vfprintf_i.o)
 .debug_frame   0x0000000000003590       0x28 c:/st/stm32cubeide_1.7.0/stm32cubeide/plugins/com.st.stm32cube.ide.mcu.externaltools.gnu-tools-for-stm32.10.3-2021.10.win32_1.0.0.202111181127/tools/bin/../lib/gcc/arm-none-eabi/10.3.1/../../../../arm-none-eabi/lib/thumb/v7-m/nofp\libc_nano.a(lib_a-memchr-stub.o)
 .debug_frame   0x00000000000035b8       0x28 c:/st/stm32cubeide_1.7.0/stm32cubeide/plugins/com.st.stm32cube.ide.mcu.externaltools.gnu-tools-for-stm32.10.3-2021.10.win32_1.0.0.202111181127/tools/bin/../lib/gcc/arm-none-eabi/10.3.1/../../../../arm-none-eabi/lib/thumb/v7-m/nofp\libc_nano.a(lib_a-memcpy-stub.o)
 .debug_frame   0x00000000000035e0       0x28 c:/st/stm32cubeide_1.7.0/stm32cubeide/plugins/com.st.stm32cube.ide.mcu.externaltools.gnu-tools-for-stm32.10.3-2021.10.win32_1.0.0.202111181127/tools/bin/../lib/gcc/arm-none-eabi/10.3.1/../../../../arm-none-eabi/lib/thumb/v7-m/nofp\libc_nano.a(lib_a-memmove.o)
 .debug_frame   0x0000000000003608       0x38 c:/st/stm32cubeide_1.7.0/stm32cubeide/plugins/com.st.stm32cube.ide.mcu.externaltools.gnu-tools-for-stm32.10.3-2021.10.win32_1.0.0.202111181127/tools/bin/../lib/gcc/arm-none-eabi/10.3.1/../../../../arm-none-eabi/lib/thumb/v7-m/nofp\libc_nano.a(lib_a-nano-freer.o)
 .debug_frame   0x0000000000003640       0x4c c:/st/stm32cubeide_1.7.0/stm32cubeide/plugins/com.st.stm32cube.ide.mcu.externaltools.gnu-tools-for-stm32.10.3-2021.10.win32_1.0.0.202111181127/tools/bin/../lib/gcc/arm-none-eabi/10.3.1/../../../../arm-none-eabi/lib/thumb/v7-m/nofp\libc_nano.a(lib_a-nano-mallocr.o)
 .debug_frame   0x000000000000368c       0x3c c:/st/stm32cubeide_1.7.0/stm32cubeide/plugins/com.st.stm32cube.ide.mcu.externaltools.gnu-tools-for-stm32.10.3-2021.10.win32_1.0.0.202111181127/tools/bin/../lib/gcc/arm-none-eabi/10.3.1/../../../../arm-none-eabi/lib/thumb/v7-m/nofp\libc_nano.a(lib_a-nano-reallocr.o)
 .debug_frame   0x00000000000036c8       0x2c c:/st/stm32cubeide_1.7.0/stm32cubeide/plugins/com.st.stm32cube.ide.mcu.externaltools.gnu-tools-for-stm32.10.3-2021.10.win32_1.0.0.202111181127/tools/bin/../lib/gcc/arm-none-eabi/10.3.1/../../../../arm-none-eabi/lib/thumb/v7-m/nofp\libc_nano.a(lib_a-sbrkr.o)
 .debug_frame   0x00000000000036f4       0x30 c:/st/stm32cubeide_1.7.0/stm32cubeide/plugins/com.st.stm32cube.ide.mcu.externaltools.gnu-tools-for-stm32.10.3-2021.10.win32_1.0.0.202111181127/tools/bin/../lib/gcc/arm-none-eabi/10.3.1/../../../../arm-none-eabi/lib/thumb/v7-m/nofp\libc_nano.a(lib_a-mlock.o)
 .debug_frame   0x0000000000003724       0x20 c:/st/stm32cubeide_1.7.0/stm32cubeide/plugins/com.st.stm32cube.ide.mcu.externaltools.gnu-tools-for-stm32.10.3-2021.10.win32_1.0.0.202111181127/tools/bin/../lib/gcc/arm-none-eabi/10.3.1/../../../../arm-none-eabi/lib/thumb/v7-m/nofp\libc_nano.a(lib_a-nano-msizer.o)
 .debug_frame   0x0000000000003744       0x5c c:/st/stm32cubeide_1.7.0/stm32cubeide/plugins/com.st.stm32cube.ide.mcu.externaltools.gnu-tools-for-stm32.10.3-2021.10.win32_1.0.0.202111181127/tools/bin/../lib/gcc/arm-none-eabi/10.3.1/../../../../arm-none-eabi/lib/thumb/v7-m/nofp\libc_nano.a(lib_a-reent.o)
 .debug_frame   0x00000000000037a0       0xb0 c:/st/stm32cubeide_1.7.0/stm32cubeide/plugins/com.st.stm32cube.ide.mcu.externaltools.gnu-tools-for-stm32.10.3-2021.10.win32_1.0.0.202111181127/tools/bin/../lib/gcc/arm-none-eabi/10.3.1/../../../../arm-none-eabi/lib/thumb/v7-m/nofp\libc_nano.a(lib_a-lock.o)
