Archive member included to satisfy reference by file (symbol)

c:/st/stm32cubeide_1.7.0/stm32cubeide/plugins/com.st.stm32cube.ide.mcu.externaltools.gnu-tools-for-stm32.10.3-2021.10.win32_1.0.0.202111181127/tools/bin/../lib/gcc/arm-none-eabi/10.3.1/../../../../arm-none-eabi/lib/thumb/v7-m/nofp\libc_nano.a(lib_a-errno.o)
                              ./Core/Src/syscalls.o (__errno)
c:/st/stm32cubeide_1.7.0/stm32cubeide/plugins/com.st.stm32cube.ide.mcu.externaltools.gnu-tools-for-stm32.10.3-2021.10.win32_1.0.0.202111181127/tools/bin/../lib/gcc/arm-none-eabi/10.3.1/../../../../arm-none-eabi/lib/thumb/v7-m/nofp\libc_nano.a(lib_a-exit.o)
                              c:/st/stm32cubeide_1.7.0/stm32cubeide/plugins/com.st.stm32cube.ide.mcu.externaltools.gnu-tools-for-stm32.10.3-2021.10.win32_1.0.0.202111181127/tools/bin/../lib/gcc/arm-none-eabi/10.3.1/../../../../arm-none-eabi/lib/thumb/v7-m/nofp/crt0.o (exit)
c:/st/stm32cubeide_1.7.0/stm32cubeide/plugins/com.st.stm32cube.ide.mcu.externaltools.gnu-tools-for-stm32.10.3-2021.10.win32_1.0.0.202111181127/tools/bin/../lib/gcc/arm-none-eabi/10.3.1/../../../../arm-none-eabi/lib/thumb/v7-m/nofp\libc_nano.a(lib_a-impure.o)
                              c:/st/stm32cubeide_1.7.0/stm32cubeide/plugins/com.st.stm32cube.ide.mcu.externaltools.gnu-tools-for-stm32.10.3-2021.10.win32_1.0.0.202111181127/tools/bin/../lib/gcc/arm-none-eabi/10.3.1/../../../../arm-none-eabi/lib/thumb/v7-m/nofp\libc_nano.a(lib_a-exit.o) (_global_impure_ptr)
c:/st/stm32cubeide_1.7.0/stm32cubeide/plugins/com.st.stm32cube.ide.mcu.externaltools.gnu-tools-for-stm32.10.3-2021.10.win32_1.0.0.202111181127/tools/bin/../lib/gcc/arm-none-eabi/10.3.1/../../../../arm-none-eabi/lib/thumb/v7-m/nofp\libc_nano.a(lib_a-init.o)
                              c:/st/stm32cubeide_1.7.0/stm32cubeide/plugins/com.st.stm32cube.ide.mcu.externaltools.gnu-tools-for-stm32.10.3-2021.10.win32_1.0.0.202111181127/tools/bin/../lib/gcc/arm-none-eabi/10.3.1/../../../../arm-none-eabi/lib/thumb/v7-m/nofp/crt0.o (__libc_init_array)
c:/st/stm32cubeide_1.7.0/stm32cubeide/plugins/com.st.stm32cube.ide.mcu.externaltools.gnu-tools-for-stm32.10.3-2021.10.win32_1.0.0.202111181127/tools/bin/../lib/gcc/arm-none-eabi/10.3.1/../../../../arm-none-eabi/lib/thumb/v7-m/nofp\libc_nano.a(lib_a-memset.o)
                              c:/st/stm32cubeide_1.7.0/stm32cubeide/plugins/com.st.stm32cube.ide.mcu.externaltools.gnu-tools-for-stm32.10.3-2021.10.win32_1.0.0.202111181127/tools/bin/../lib/gcc/arm-none-eabi/10.3.1/../../../../arm-none-eabi/lib/thumb/v7-m/nofp/crt0.o (memset)
c:/st/stm32cubeide_1.7.0/stm32cubeide/plugins/com.st.stm32cube.ide.mcu.externaltools.gnu-tools-for-stm32.10.3-2021.10.win32_1.0.0.202111181127/tools/bin/../lib/gcc/arm-none-eabi/10.3.1/../../../../arm-none-eabi/lib/thumb/v7-m/nofp\libm.a(lib_a-w_pow.o)
                              ./Core/Src/input_reading.o (pow)
c:/st/stm32cubeide_1.7.0/stm32cubeide/plugins/com.st.stm32cube.ide.mcu.externaltools.gnu-tools-for-stm32.10.3-2021.10.win32_1.0.0.202111181127/tools/bin/../lib/gcc/arm-none-eabi/10.3.1/../../../../arm-none-eabi/lib/thumb/v7-m/nofp\libm.a(lib_a-e_pow.o)
                              c:/st/stm32cubeide_1.7.0/stm32cubeide/plugins/com.st.stm32cube.ide.mcu.externaltools.gnu-tools-for-stm32.10.3-2021.10.win32_1.0.0.202111181127/tools/bin/../lib/gcc/arm-none-eabi/10.3.1/../../../../arm-none-eabi/lib/thumb/v7-m/nofp\libm.a(lib_a-w_pow.o) (__ieee754_pow)
c:/st/stm32cubeide_1.7.0/stm32cubeide/plugins/com.st.stm32cube.ide.mcu.externaltools.gnu-tools-for-stm32.10.3-2021.10.win32_1.0.0.202111181127/tools/bin/../lib/gcc/arm-none-eabi/10.3.1/../../../../arm-none-eabi/lib/thumb/v7-m/nofp\libm.a(lib_a-e_sqrt.o)
                              c:/st/stm32cubeide_1.7.0/stm32cubeide/plugins/com.st.stm32cube.ide.mcu.externaltools.gnu-tools-for-stm32.10.3-2021.10.win32_1.0.0.202111181127/tools/bin/../lib/gcc/arm-none-eabi/10.3.1/../../../../arm-none-eabi/lib/thumb/v7-m/nofp\libm.a(lib_a-e_pow.o) (__ieee754_sqrt)
c:/st/stm32cubeide_1.7.0/stm32cubeide/plugins/com.st.stm32cube.ide.mcu.externaltools.gnu-tools-for-stm32.10.3-2021.10.win32_1.0.0.202111181127/tools/bin/../lib/gcc/arm-none-eabi/10.3.1/../../../../arm-none-eabi/lib/thumb/v7-m/nofp\libm.a(lib_a-math_err.o)
                              c:/st/stm32cubeide_1.7.0/stm32cubeide/plugins/com.st.stm32cube.ide.mcu.externaltools.gnu-tools-for-stm32.10.3-2021.10.win32_1.0.0.202111181127/tools/bin/../lib/gcc/arm-none-eabi/10.3.1/../../../../arm-none-eabi/lib/thumb/v7-m/nofp\libm.a(lib_a-e_pow.o) (__math_uflow)
c:/st/stm32cubeide_1.7.0/stm32cubeide/plugins/com.st.stm32cube.ide.mcu.externaltools.gnu-tools-for-stm32.10.3-2021.10.win32_1.0.0.202111181127/tools/bin/../lib/gcc/arm-none-eabi/10.3.1/../../../../arm-none-eabi/lib/thumb/v7-m/nofp\libm.a(lib_a-s_fabs.o)
[...]
Memory Configuration

Name             Origin             Length             Attributes
RAM              0x0000000020000000 0x0000000000002800 xrw
FLASH            0x0000000008000000 0x0000000000008000 xr
*default*        0x0000000000000000 0xffffffffffffffff

Linker script and memory map

LOAD c:/st/stm32cubeide_1.7.0/stm32cubeide/plugins/com.st.stm32cube.ide.mcu.externaltools.gnu-tools-for-stm32.10.3-2021.10.win32_1.0.0.202111181127/tools/bin/../lib/gcc/arm-none-eabi/10.3.1/thumb/v7-m/nofp/crti.o
LOAD c:/st/stm32cubeide_1.7.0/stm32cubeide/plugins/com.st.stm32cube.ide.mcu.externaltools.gnu-tools-for-stm32.10.3-2021.10.win32_1.0.0.202111181127/tools/bin/../lib/gcc/arm-none-eabi/10.3.1/thumb/v7-m/nofp/crtbegin.o
LOAD c:/st/stm32cubeide_1.7.0/stm32cubeide/plugins/com.st.stm32cube.ide.mcu.externaltools.gnu-tools-for-stm32.10.3-2021.10.win32_1.0.0.202111181127/tools/bin/../lib/gcc/arm-none-eabi/10.3.1/../../../../arm-none-eabi/lib/thumb/v7-m/nofp/crt0.o
LOAD ./Core/Src/fsm_traffic_light.o
LOAD ./Core/Src/global.o
LOAD ./Core/Src/hardware_layer.o
LOAD ./Core/Src/input_reading.o
LOAD ./Core/Src/main.o
LOAD ./Core/Src/scheduler.o
LOAD ./Core/Src/software_timer.o
LOAD ./Core/Src/stm32f1xx_hal_msp.o
LOAD ./Core/Src/stm32f1xx_it.o
LOAD ./Core/Src/syscalls.o
LOAD ./Core/Src/sysmem.o
LOAD ./Core/Src/system_stm32f1xx.o
LOAD ./Core/Startup/startup_stm32f103c6tx.o
LOAD ./Drivers/STM32F1xx_HAL_Driver/Src/stm32f1xx_hal.o
LOAD ./Drivers/STM32F1xx_HAL_Driver/Src/stm32f1xx_hal_cortex.o
LOAD ./Drivers/STM32F1xx_HAL_Driver/Src/stm32f1xx_hal_dma.o
LOAD ./Drivers/STM32F1xx_HAL_Driver/Src/stm32f1xx_hal_exti.o
LOAD ./Drivers/STM32F1xx_HAL_Driver/Src/stm32f1xx_hal_flash.o
LOAD ./Drivers/STM32F1xx_HAL_Driver/Src/stm32f1xx_hal_flash_ex.o
LOAD ./Drivers/STM32F1xx_HAL_Driver/Src/stm32f1xx_hal_gpio.o
LOAD ./Drivers/STM32F1xx_HAL_Driver/Src/stm32f1xx_hal_gpio_ex.o
LOAD ./Drivers/STM32F1xx_HAL_Driver/Src/stm32f1xx_hal_pwr.o
LOAD ./Drivers/STM32F1xx_HAL_Driver/Src/stm32f1xx_hal_rcc.o
LOAD ./Drivers/STM32F1xx_HAL_Driver/Src/stm32f1xx_hal_rcc_ex.o
LOAD ./Drivers/STM32F1xx_HAL_Driver/Src/stm32f1xx_hal_tim.o
LOAD ./Drivers/STM32F1xx_HAL_Driver/Src/stm32f1xx_hal_tim_ex.o
LOAD ./Drivers/STM32F1xx_HAL_Driver/Src/stm32f1xx_hal_uart.o
START GROUP
LOAD c:/st/stm32cubeide_1.7.0/stm32cubeide/plugins/com.st.stm32cube.ide.mcu.externaltools.gnu-tools-for-stm32.10.3-2021.10.win32_1.0.0.202111181127/tools/bin/../lib/gcc/arm-none-eabi/10.3.1/../../../../arm-none-eabi/lib/thumb/v7-m/nofp\libc_nano.a
LOAD c:/st/stm32cubeide_1.7.0/stm32cubeide/plugins/com.st.stm32cube.ide.mcu.externaltools.gnu-tools-for-stm32.10.3-2021.10.win32_1.0.0.202111181127/tools/bin/../lib/gcc/arm-none-eabi/10.3.1/../../../../arm-none-eabi/lib/thumb/v7-m/nofp\libm.a
END GROUP
START GROUP
LOAD c:/st/stm32cubeide_1.7.0/stm32cubeide/plugins/com.st.stm32cube.ide.mcu.externaltools.gnu-tools-for-stm32.10.3-2021.10.win32_1.0.0.202111181127/tools/bin/../lib/gcc/arm-none-eabi/10.3.1/thumb/v7-m/nofp\libgcc.a
LOAD c:/st/stm32cubeide_1.7.0/stm32cubeide/plugins/com.st.stm32cube.ide.mcu.externaltools.gnu-tools-for-stm32.10.3-2021.10.win32_1.0.0.202111181127/tools/bin/../lib/gcc/arm-none-eabi/10.3.1/../../../../arm-none-eabi/lib/thumb/v7-m/nofp\libc_nano.a
END GROUP
START GROUP
LOAD c:/st/stm32cubeide_1.7.0/stm32cubeide/plugins/com.st.stm32cube.ide.mcu.externaltools.gnu-tools-for-stm32.10.3-2021.10.win32_1.0.0.202111181127/tools/bin/../lib/gcc/arm-none-eabi/10.3.1/thumb/v7-m/nofp\libgcc.a
LOAD c:/st/stm32cubeide_1.7.0/stm32cubeide/plugins/com.st.stm32cube.ide.mcu.externaltools.gnu-tools-for-stm32.10.3-2021.10.win32_1.0.0.202111181127/tools/bin/../lib/gcc/arm-none-eabi/10.3.1/../../../../arm-none-eabi/lib/thumb/v7-m/nofp\libc_nano.a
LOAD c:/st/stm32cubeide_1.7.0/stm32cubeide/plugins/com.st.stm32cube.ide.mcu.externaltools.gnu-tools-for-stm32.10.3-2021.10.win32_1.0.0.202111181127/tools/bin/../lib/gcc/arm-none-eabi/10.3.1/../../../../arm-none-eabi/lib/thumb/v7-m/nofp\libnosys.a
END GROUP
START GROUP
LOAD c:/st/stm32cubeide_1.7.0/stm32cubeide/plugins/com.st.stm32cube.ide.mcu.externaltools.gnu-tools-for-stm32.10.3-2021.10.win32_1.0.0.202111181127/tools/bin/../lib/gcc/arm-none-eabi/10.3.1/thumb/v7-m/nofp\libgcc.a
LOAD c:/st/stm32cubeide_1.7.0/stm32cubeide/plugins/com.st.stm32cube.ide.mcu.externaltools.gnu-tools-for-stm32.10.3-2021.10.win32_1.0.0.202111181127/tools/bin/../lib/gcc/arm-none-eabi/10.3.1/../../../../arm-none-eabi/lib/thumb/v7-m/nofp\libc_nano.a
LOAD c:/st/stm32cubeide_1.7.0/stm32cubeide/plugins/com.st.stm32cube.ide.mcu.externaltools.gnu-tools-for-stm32.10.3-2021.10.win32_1.0.0.202111181127/tools/bin/../lib/gcc/arm-none-eabi/10.3.1/../../../../arm-none-eabi/lib/thumb/v7-m/nofp\libnosys.a
END GROUP
LOAD c:/st/stm32cubeide_1.7.0/stm32cubeide/plugins/com.st.stm32cube.ide.mcu.externaltools.gnu-tools-for-stm32.10.3-2021.10.win32_1.0.0.202111181127/tools/bin/../lib/gcc/arm-none-eabi/10.3.1/thumb/v7-m/nofp/crtend.o
LOAD c:/st/stm32cubeide_1.7.0/stm32cubeide/plugins/com.st.stm32cube.ide.mcu.externaltools.gnu-tools-for-stm32.10.3-2021.10.win32_1.0.0.202111181127/tools/bin/../lib/gcc/arm-none-eabi/10.3.1/thumb/v7-m/nofp/crtn.o
                0x0000000020002800                _estack = (ORIGIN (RAM) + LENGTH (RAM))
                0x0000000000000200                _Min_Heap_Size = 0x200
                0x0000000000000400                _Min_Stack_Size = 0x400

.isr_vector     0x0000000008000000      0x10c
                0x0000000008000000                . = ALIGN (0x4)
 *(.isr_vector)
 .isr_vector    0x0000000008000000      0x10c ./Core/Startup/startup_stm32f103c6tx.o
                0x0000000008000000                g_pfnVectors
                0x000000000800010c                . = ALIGN (0x4)

.text           0x000000000800010c     0x2920
                0x000000000800010c                . = ALIGN (0x4)
 *(.text)
 .text          0x000000000800010c       0x40 c:/st/stm32cubeide_1.7.0/stm32cubeide/plugins/com.st.stm32cube.ide.mcu.externaltools.gnu-tools-for-stm32.10.3-2021.10.win32_1.0.0.202111181127/tools/bin/../lib/gcc/arm-none-eabi/10.3.1/thumb/v7-m/nofp/crtbegin.o
 *(.text*)
 .text.auto_red
                0x000000000800014c       0x7c ./Core/Src/fsm_traffic_light.o
                0x000000000800014c                auto_red
 .text.auto_green
                0x00000000080001c8       0x68 ./Core/Src/fsm_traffic_light.o
                0x00000000080001c8                auto_green
 .text.auto_yellow
                0x0000000008000230       0x68 ./Core/Src/fsm_traffic_light.o
                0x0000000008000230                auto_yellow
 .text.setting_red
                0x0000000008000298       0x60 ./Core/Src/fsm_traffic_light.o
                0x0000000008000298                setting_red
 .text.setting_green
                0x00000000080002f8        0xc ./Core/Src/fsm_traffic_light.o
                0x00000000080002f8                setting_green
 .text.set_color_light1
                0x0000000008000304       0x98 ./Core/Src/hardware_layer.o
                0x0000000008000304                set_color_light1
 .text.is_button_pressed
                0x000000000800039c       0x34 ./Core/Src/input_reading.o
                0x000000000800039c                is_button_pressed
 .text.HAL_TIM_PeriodElapsedCallback
                0x00000000080003d0       0x18 ./Core/Src/main.o
                0x00000000080003d0                HAL_TIM_PeriodElapsedCallback
 .text.main     0x00000000080003e8       0x60 ./Core/Src/main.o
                0x00000000080003e8                main
 .text.SystemClock_Config
                0x0000000008000448       0x76 ./Core/Src/main.o
                0x0000000008000448                SystemClock_Config
 *fill*         0x00000000080004be        0x2 
 .text.MX_TIM2_Init
                0x00000000080004c0       0x98 ./Core/Src/main.o
 .text.MX_USART2_UART_Init
                0x0000000008000558       0x54 ./Core/Src/main.o
 .text.MX_GPIO_Init
                0x00000000080005ac       0xdc ./Core/Src/main.o
 .text.Error_Handler
                0x0000000008000688        0xa ./Core/Src/main.o
                0x0000000008000688                Error_Handler
 *fill*         0x0000000008000692        0x2 
 .text.SCH_Add_Task
                0x0000000008000694       0xac ./Core/Src/scheduler.o
                0x0000000008000694                SCH_Add_Task
 .text.SCH_Update
                0x0000000008000740       0xc0 ./Core/Src/scheduler.o
                0x0000000008000740                SCH_Update
 .text.SCH_Dispatch_Tasks
                0x0000000008000800       0x84 ./Core/Src/scheduler.o
                0x0000000008000800                SCH_Dispatch_Tasks
 .text.setTimer1
                0x0000000008000884       0x38 ./Core/Src/software_timer.o
                0x0000000008000884                setTimer1
 .text.timer1_run
                0x00000000080008bc       0x3c ./Core/Src/software_timer.o
                0x00000000080008bc                timer1_run
 .text.HAL_MspInit
                0x00000000080008f8       0x44 ./Core/Src/stm32f1xx_hal_msp.o
                0x00000000080008f8                HAL_MspInit
 .text.HAL_TIM_Base_MspInit
                0x000000000800093c       0x48 ./Core/Src/stm32f1xx_hal_msp.o
                0x000000000800093c                HAL_TIM_Base_MspInit
 .text.HAL_UART_MspInit
                0x0000000008000984       0xa4 ./Core/Src/stm32f1xx_hal_msp.o
                0x0000000008000984                HAL_UART_MspInit
 .text.NMI_Handler
                0x0000000008000a28        0x6 ./Core/Src/stm32f1xx_it.o
                0x0000000008000a28                NMI_Handler
 .text.HardFault_Handler
                0x0000000008000a2e        0x6 ./Core/Src/stm32f1xx_it.o
                0x0000000008000a2e                HardFault_Handler
 .text.MemManage_Handler
                0x0000000008000a34        0x6 ./Core/Src/stm32f1xx_it.o
                0x0000000008000a34                MemManage_Handler
 .text.BusFault_Handler
                0x0000000008000a3a        0x6 ./Core/Src/stm32f1xx_it.o
                0x0000000008000a3a                BusFault_Handler
 .text.UsageFault_Handler
                0x0000000008000a40        0x6 ./Core/Src/stm32f1xx_it.o
                0x0000000008000a40                UsageFault_Handler
 .text.SVC_Handler
                0x0000000008000a46        0xc ./Core/Src/stm32f1xx_it.o
                0x0000000008000a46                SVC_Handler
 .text.DebugMon_Handler
                0x0000000008000a52        0xc ./Core/Src/stm32f1xx_it.o
                0x0000000008000a52                DebugMon_Handler
 .text.PendSV_Handler
                0x0000000008000a5e        0xc ./Core/Src/stm32f1xx_it.o
                0x0000000008000a5e                PendSV_Handler
 .text.SysTick_Handler
                0x0000000008000a6a        0xc ./Core/Src/stm32f1xx_it.o
                0x0000000008000a6a                SysTick_Handler
 *fill*         0x0000000008000a76        0x2 
 .text.TIM2_IRQHandler
                0x0000000008000a78       0x14 ./Core/Src/stm32f1xx_it.o
                0x0000000008000a78                TIM2_IRQHandler
 .text.USART2_IRQHandler
                0x0000000008000a8c       0x14 ./Core/Src/stm32f1xx_it.o
                0x0000000008000a8c                USART2_IRQHandler
 .text.SystemInit
                0x0000000008000aa0        0xc ./Core/Src/system_stm32f1xx.o
                0x0000000008000aa0                SystemInit
 .text.Reset_Handler
                0x0000000008000aac       0x48 ./Core/Startup/startup_stm32f103c6tx.o
                0x0000000008000aac                Reset_Handler
 .text.Default_Handler
                0x0000000008000af4        0x2 ./Core/Startup/startup_stm32f103c6tx.o
                0x0000000008000af4                RTC_Alarm_IRQHandler
                0x0000000008000af4                EXTI2_IRQHandler
                0x0000000008000af4                TIM1_CC_IRQHandler
                0x0000000008000af4                PVD_IRQHandler
                0x0000000008000af4                EXTI3_IRQHandler
                0x0000000008000af4                EXTI0_IRQHandler
                0x0000000008000af4                ADC1_2_IRQHandler
                0x0000000008000af4                SPI1_IRQHandler
                0x0000000008000af4                TAMPER_IRQHandler
                0x0000000008000af4                DMA1_Channel4_IRQHandler
                0x0000000008000af4                RTC_IRQHandler
                0x0000000008000af4                DMA1_Channel7_IRQHandler
                0x0000000008000af4                CAN1_RX1_IRQHandler
                0x0000000008000af4                I2C1_EV_IRQHandler
                0x0000000008000af4                DMA1_Channel6_IRQHandler
                0x0000000008000af4                TIM3_IRQHandler
                0x0000000008000af4                RCC_IRQHandler
                0x0000000008000af4                TIM1_TRG_COM_IRQHandler
                0x0000000008000af4                DMA1_Channel1_IRQHandler
                0x0000000008000af4                Default_Handler
                0x0000000008000af4                EXTI15_10_IRQHandler
                0x0000000008000af4                EXTI9_5_IRQHandler
                0x0000000008000af4                DMA1_Channel5_IRQHandler
                0x0000000008000af4                EXTI4_IRQHandler
                0x0000000008000af4                USB_LP_CAN1_RX0_IRQHandler
                0x0000000008000af4                USB_HP_CAN1_TX_IRQHandler
                0x0000000008000af4                DMA1_Channel3_IRQHandler
                0x0000000008000af4                TIM1_UP_IRQHandler
                0x0000000008000af4                WWDG_IRQHandler
                0x0000000008000af4                TIM1_BRK_IRQHandler
                0x0000000008000af4                EXTI1_IRQHandler
                0x0000000008000af4                DMA1_Channel2_IRQHandler
                0x0000000008000af4                CAN1_SCE_IRQHandler
                0x0000000008000af4                FLASH_IRQHandler
                0x0000000008000af4                USART1_IRQHandler
                0x0000000008000af4                I2C1_ER_IRQHandler
                0x0000000008000af4                USBWakeUp_IRQHandler
 *fill*         0x0000000008000af6        0x2 
 .text.HAL_Init
                0x0000000008000af8       0x2c ./Drivers/STM32F1xx_HAL_Driver/Src/stm32f1xx_hal.o
                0x0000000008000af8                HAL_Init
 .text.HAL_InitTick
                0x0000000008000b24       0x60 ./Drivers/STM32F1xx_HAL_Driver/Src/stm32f1xx_hal.o
                0x0000000008000b24                HAL_InitTick
 .text.HAL_IncTick
                0x0000000008000b84       0x24 ./Drivers/STM32F1xx_HAL_Driver/Src/stm32f1xx_hal.o
                0x0000000008000b84                HAL_IncTick
 .text.HAL_GetTick
                0x0000000008000ba8       0x14 ./Drivers/STM32F1xx_HAL_Driver/Src/stm32f1xx_hal.o
                0x0000000008000ba8                HAL_GetTick
 .text.__NVIC_SetPriorityGrouping
                0x0000000008000bbc       0x48 ./Drivers/STM32F1xx_HAL_Driver/Src/stm32f1xx_hal_cortex.o
 .text.__NVIC_GetPriorityGrouping
                0x0000000008000c04       0x1c ./Drivers/STM32F1xx_HAL_Driver/Src/stm32f1xx_hal_cortex.o
 .text.__NVIC_EnableIRQ
                0x0000000008000c20       0x38 ./Drivers/STM32F1xx_HAL_Driver/Src/stm32f1xx_hal_cortex.o
 .text.__NVIC_SetPriority
                0x0000000008000c58       0x54 ./Drivers/STM32F1xx_HAL_Driver/Src/stm32f1xx_hal_cortex.o
 .text.NVIC_EncodePriority
                0x0000000008000cac       0x64 ./Drivers/STM32F1xx_HAL_Driver/Src/stm32f1xx_hal_cortex.o
 .text.SysTick_Config
                0x0000000008000d10       0x44 ./Drivers/STM32F1xx_HAL_Driver/Src/stm32f1xx_hal_cortex.o
 .text.HAL_NVIC_SetPriorityGrouping
                0x0000000008000d54       0x16 ./Drivers/STM32F1xx_HAL_Driver/Src/stm32f1xx_hal_cortex.o
                0x0000000008000d54                HAL_NVIC_SetPriorityGrouping
 .text.HAL_NVIC_SetPriority
                0x0000000008000d6a       0x38 ./Drivers/STM32F1xx_HAL_Driver/Src/stm32f1xx_hal_cortex.o
                0x0000000008000d6a                HAL_NVIC_SetPriority
 .text.HAL_NVIC_EnableIRQ
                0x0000000008000da2       0x1c ./Drivers/STM32F1xx_HAL_Driver/Src/stm32f1xx_hal_cortex.o
                0x0000000008000da2                HAL_NVIC_EnableIRQ
 .text.HAL_SYSTICK_Config
                0x0000000008000dbe       0x18 ./Drivers/STM32F1xx_HAL_Driver/Src/stm32f1xx_hal_cortex.o
                0x0000000008000dbe                HAL_SYSTICK_Config
 .text.HAL_DMA_Abort
                0x0000000008000dd6       0x74 ./Drivers/STM32F1xx_HAL_Driver/Src/stm32f1xx_hal_dma.o
                0x0000000008000dd6                HAL_DMA_Abort
 *fill*         0x0000000008000e4a        0x2 
 .text.HAL_DMA_Abort_IT
                0x0000000008000e4c       0xec ./Drivers/STM32F1xx_HAL_Driver/Src/stm32f1xx_hal_dma.o
                0x0000000008000e4c                HAL_DMA_Abort_IT
 .text.HAL_GPIO_Init
                0x0000000008000f38      0x2f8 ./Drivers/STM32F1xx_HAL_Driver/Src/stm32f1xx_hal_gpio.o
                0x0000000008000f38                HAL_GPIO_Init
 .text.HAL_GPIO_WritePin
                0x0000000008001230       0x30 ./Drivers/STM32F1xx_HAL_Driver/Src/stm32f1xx_hal_gpio.o
                0x0000000008001230                HAL_GPIO_WritePin
 .text.HAL_RCC_OscConfig
                0x0000000008001260      0x504 ./Drivers/STM32F1xx_HAL_Driver/Src/stm32f1xx_hal_rcc.o
                0x0000000008001260                HAL_RCC_OscConfig
 .text.HAL_RCC_ClockConfig
                0x0000000008001764      0x1d4 ./Drivers/STM32F1xx_HAL_Driver/Src/stm32f1xx_hal_rcc.o
                0x0000000008001764                HAL_RCC_ClockConfig
 .text.HAL_RCC_GetSysClockFreq
                0x0000000008001938       0xbc ./Drivers/STM32F1xx_HAL_Driver/Src/stm32f1xx_hal_rcc.o
                0x0000000008001938                HAL_RCC_GetSysClockFreq
 .text.HAL_RCC_GetHCLKFreq
                0x00000000080019f4       0x14 ./Drivers/STM32F1xx_HAL_Driver/Src/stm32f1xx_hal_rcc.o
                0x00000000080019f4                HAL_RCC_GetHCLKFreq
 .text.HAL_RCC_GetPCLK1Freq
                0x0000000008001a08       0x28 ./Drivers/STM32F1xx_HAL_Driver/Src/stm32f1xx_hal_rcc.o
                0x0000000008001a08                HAL_RCC_GetPCLK1Freq
 .text.HAL_RCC_GetPCLK2Freq
                0x0000000008001a30       0x28 ./Drivers/STM32F1xx_HAL_Driver/Src/stm32f1xx_hal_rcc.o
                0x0000000008001a30                HAL_RCC_GetPCLK2Freq
 .text.RCC_Delay
                0x0000000008001a58       0x3c ./Drivers/STM32F1xx_HAL_Driver/Src/stm32f1xx_hal_rcc.o
 .text.HAL_TIM_Base_Init
                0x0000000008001a94       0x9e ./Drivers/STM32F1xx_HAL_Driver/Src/stm32f1xx_hal_tim.o
                0x0000000008001a94                HAL_TIM_Base_Init
 .text.HAL_TIM_IRQHandler
                0x0000000008001b32      0x210 ./Drivers/STM32F1xx_HAL_Driver/Src/stm32f1xx_hal_tim.o
                0x0000000008001b32                HAL_TIM_IRQHandler
 .text.HAL_TIM_ConfigClockSource
                0x0000000008001d42      0x188 ./Drivers/STM32F1xx_HAL_Driver/Src/stm32f1xx_hal_tim.o
                0x0000000008001d42                HAL_TIM_ConfigClockSource
 .text.HAL_TIM_OC_DelayElapsedCallback
                0x0000000008001eca       0x12 ./Drivers/STM32F1xx_HAL_Driver/Src/stm32f1xx_hal_tim.o
                0x0000000008001eca                HAL_TIM_OC_DelayElapsedCallback
 .text.HAL_TIM_IC_CaptureCallback
                0x0000000008001edc       0x12 ./Drivers/STM32F1xx_HAL_Driver/Src/stm32f1xx_hal_tim.o
                0x0000000008001edc                HAL_TIM_IC_CaptureCallback
 .text.HAL_TIM_PWM_PulseFinishedCallback
                0x0000000008001eee       0x12 ./Drivers/STM32F1xx_HAL_Driver/Src/stm32f1xx_hal_tim.o
                0x0000000008001eee                HAL_TIM_PWM_PulseFinishedCallback
 .text.HAL_TIM_TriggerCallback
                0x0000000008001f00       0x12 ./Drivers/STM32F1xx_HAL_Driver/Src/stm32f1xx_hal_tim.o
                0x0000000008001f00                HAL_TIM_TriggerCallback
 *fill*         0x0000000008001f12        0x2 
 .text.TIM_Base_SetConfig
                0x0000000008001f14       0xb0 ./Drivers/STM32F1xx_HAL_Driver/Src/stm32f1xx_hal_tim.o
                0x0000000008001f14                TIM_Base_SetConfig
 .text.TIM_TI1_ConfigInputStage
                0x0000000008001fc4       0x5c ./Drivers/STM32F1xx_HAL_Driver/Src/stm32f1xx_hal_tim.o
 .text.TIM_TI2_ConfigInputStage
                0x0000000008002020       0x5e ./Drivers/STM32F1xx_HAL_Driver/Src/stm32f1xx_hal_tim.o
 .text.TIM_ITRx_SetConfig
                0x000000000800207e       0x34 ./Drivers/STM32F1xx_HAL_Driver/Src/stm32f1xx_hal_tim.o
 .text.TIM_ETR_SetConfig
                0x00000000080020b2       0x3e ./Drivers/STM32F1xx_HAL_Driver/Src/stm32f1xx_hal_tim.o
                0x00000000080020b2                TIM_ETR_SetConfig
 .text.HAL_TIMEx_MasterConfigSynchronization
                0x00000000080020f0       0xb0 ./Drivers/STM32F1xx_HAL_Driver/Src/stm32f1xx_hal_tim_ex.o
                0x00000000080020f0                HAL_TIMEx_MasterConfigSynchronization
 .text.HAL_TIMEx_CommutCallback
                0x00000000080021a0       0x12 ./Drivers/STM32F1xx_HAL_Driver/Src/stm32f1xx_hal_tim_ex.o
                0x00000000080021a0                HAL_TIMEx_CommutCallback
 .text.HAL_TIMEx_BreakCallback
                0x00000000080021b2       0x12 ./Drivers/STM32F1xx_HAL_Driver/Src/stm32f1xx_hal_tim_ex.o
                0x00000000080021b2                HAL_TIMEx_BreakCallback
 .text.HAL_UART_Init
                0x00000000080021c4       0x9a ./Drivers/STM32F1xx_HAL_Driver/Src/stm32f1xx_hal_uart.o
                0x00000000080021c4                HAL_UART_Init
 *fill*         0x000000000800225e        0x2 
 .text.HAL_UART_IRQHandler
                0x0000000008002260      0x354 ./Drivers/STM32F1xx_HAL_Driver/Src/stm32f1xx_hal_uart.o
                0x0000000008002260                HAL_UART_IRQHandler
 .text.HAL_UART_TxCpltCallback
                0x00000000080025b4       0x12 ./Drivers/STM32F1xx_HAL_Driver/Src/stm32f1xx_hal_uart.o
                0x00000000080025b4                HAL_UART_TxCpltCallback
 .text.HAL_UART_RxCpltCallback
                0x00000000080025c6       0x12 ./Drivers/STM32F1xx_HAL_Driver/Src/stm32f1xx_hal_uart.o
                0x00000000080025c6                HAL_UART_RxCpltCallback
 .text.HAL_UART_ErrorCallback
                0x00000000080025d8       0x12 ./Drivers/STM32F1xx_HAL_Driver/Src/stm32f1xx_hal_uart.o
                0x00000000080025d8                HAL_UART_ErrorCallback
 .text.HAL_UARTEx_RxEventCallback
                0x00000000080025ea       0x16 ./Drivers/STM32F1xx_HAL_Driver/Src/stm32f1xx_hal_uart.o
                0x00000000080025ea                HAL_UARTEx_RxEventCallback
 .text.UART_EndRxTransfer
                0x0000000008002600       0x58 ./Drivers/STM32F1xx_HAL_Driver/Src/stm32f1xx_hal_uart.o
 .text.UART_DMAAbortOnError
                0x0000000008002658       0x28 ./Drivers/STM32F1xx_HAL_Driver/Src/stm32f1xx_hal_uart.o
 .text.UART_Transmit_IT
                0x0000000008002680       0x9e ./Drivers/STM32F1xx_HAL_Driver/Src/stm32f1xx_hal_uart.o
 .text.UART_EndTransmit_IT
                0x000000000800271e       0x30 ./Drivers/STM32F1xx_HAL_Driver/Src/stm32f1xx_hal_uart.o
 .text.UART_Receive_IT
                0x000000000800274e      0x152 ./Drivers/STM32F1xx_HAL_Driver/Src/stm32f1xx_hal_uart.o
 .text.UART_SetConfig
                0x00000000080028a0      0x11c ./Drivers/STM32F1xx_HAL_Driver/Src/stm32f1xx_hal_uart.o
 .text.__libc_init_array
                0x00000000080029bc       0x48 c:/st/stm32cubeide_1.7.0/stm32cubeide/plugins/com.st.stm32cube.ide.mcu.externaltools.gnu-tools-for-stm32.10.3-2021.10.win32_1.0.0.202111181127/tools/bin/../lib/gcc/arm-none-eabi/10.3.1/../../../../arm-none-eabi/lib/thumb/v7-m/nofp\libc_nano.a(lib_a-init.o)
                0x00000000080029bc                __libc_init_array
 .text.memset   0x0000000008002a04       0x10 c:/st/stm32cubeide_1.7.0/stm32cubeide/plugins/com.st.stm32cube.ide.mcu.externaltools.gnu-tools-for-stm32.10.3-2021.10.win32_1.0.0.202111181127/tools/bin/../lib/gcc/arm-none-eabi/10.3.1/../../../../arm-none-eabi/lib/thumb/v7-m/nofp\libc_nano.a(lib_a-memset.o)
                0x0000000008002a04                memset
 *(.glue_7)
 .glue_7        0x0000000008002a14        0x0 linker stubs
 *(.glue_7t)
 .glue_7t       0x0000000008002a14        0x0 linker stubs
 *(.eh_frame)
 .eh_frame      0x0000000008002a14        0x0 c:/st/stm32cubeide_1.7.0/stm32cubeide/plugins/com.st.stm32cube.ide.mcu.externaltools.gnu-tools-for-stm32.10.3-2021.10.win32_1.0.0.202111181127/tools/bin/../lib/gcc/arm-none-eabi/10.3.1/thumb/v7-m/nofp/crtbegin.o
 *(.init)
 .init          0x0000000008002a14        0x4 c:/st/stm32cubeide_1.7.0/stm32cubeide/plugins/com.st.stm32cube.ide.mcu.externaltools.gnu-tools-for-stm32.10.3-2021.10.win32_1.0.0.202111181127/tools/bin/../lib/gcc/arm-none-eabi/10.3.1/thumb/v7-m/nofp/crti.o
                0x0000000008002a14                _init
 .init          0x0000000008002a18        0x8 c:/st/stm32cubeide_1.7.0/stm32cubeide/plugins/com.st.stm32cube.ide.mcu.externaltools.gnu-tools-for-stm32.10.3-2021.10.win32_1.0.0.202111181127/tools/bin/../lib/gcc/arm-none-eabi/10.3.1/thumb/v7-m/nofp/crtn.o
 *(.fini)
 .fini          0x0000000008002a20        0x4 c:/st/stm32cubeide_1.7.0/stm32cubeide/plugins/com.st.stm32cube.ide.mcu.externaltools.gnu-tools-for-stm32.10.3-2021.10.win32_1.0.0.202111181127/tools/bin/../lib/gcc/arm-none-eabi/10.3.1/thumb/v7-m/nofp/crti.o
                0x0000000008002a20                _fini
 .fini          0x0000000008002a24        0x8 c:/st/stm32cubeide_1.7.0/stm32cubeide/plugins/com.st.stm32cube.ide.mcu.externaltools.gnu-tools-for-stm32.10.3-2021.10.win32_1.0.0.202111181127/tools/bin/../lib/gcc/arm-none-eabi/10.3.1/thumb/v7-m/nofp/crtn.o
                0x0000000008002a2c                . = ALIGN (0x4)
                0x0000000008002a2c                _etext = .

.vfp11_veneer   0x0000000008002a2c        0x0
 .vfp11_veneer  0x0000000008002a2c        0x0 linker stubs

.v4_bx          0x0000000008002a2c        0x0
 .v4_bx         0x0000000008002a2c        0x0 linker stubs

.iplt           0x0000000008002a2c        0x0
 .iplt          0x0000000008002a2c        0x0 c:/st/stm32cubeide_1.7.0/stm32cubeide/plugins/com.st.stm32cube.ide.mcu.externaltools.gnu-tools-for-stm32.10.3-2021.10.win32_1.0.0.202111181127/tools/bin/../lib/gcc/arm-none-eabi/10.3.1/thumb/v7-m/nofp/crtbegin.o

.rodata         0x0000000008002a2c       0x28
                0x0000000008002a2c                . = ALIGN (0x4)
 *(.rodata)
 .rodata        0x0000000008002a2c       0x10 ./Drivers/STM32F1xx_HAL_Driver/Src/stm32f1xx_hal_rcc.o
 *(.rodata*)
 .rodata.AHBPrescTable
                0x0000000008002a3c       0x10 ./Core/Src/system_stm32f1xx.o
                0x0000000008002a3c                AHBPrescTable
 .rodata.APBPrescTable
                0x0000000008002a4c        0x8 ./Core/Src/system_stm32f1xx.o
                0x0000000008002a4c                APBPrescTable
                0x0000000008002a54                . = ALIGN (0x4)

.rel.dyn        0x0000000008002a54        0x0
 .rel.iplt      0x0000000008002a54        0x0 c:/st/stm32cubeide_1.7.0/stm32cubeide/plugins/com.st.stm32cube.ide.mcu.externaltools.gnu-tools-for-stm32.10.3-2021.10.win32_1.0.0.202111181127/tools/bin/../lib/gcc/arm-none-eabi/10.3.1/thumb/v7-m/nofp/crtbegin.o

.ARM.extab      0x0000000008002a54        0x0
                0x0000000008002a54                . = ALIGN (0x4)
 *(.ARM.extab* .gnu.linkonce.armextab.*)
                0x0000000008002a54                . = ALIGN (0x4)

.ARM            0x0000000008002a54        0x0
                0x0000000008002a54                . = ALIGN (0x4)
                0x0000000008002a54                __exidx_start = .
 *(.ARM.exidx*)
                0x0000000008002a54                __exidx_end = .
                0x0000000008002a54                . = ALIGN (0x4)

.preinit_array  0x0000000008002a54        0x0
                0x0000000008002a54                . = ALIGN (0x4)
                0x0000000008002a54                PROVIDE (__preinit_array_start = .)
 *(.preinit_array*)
                0x0000000008002a54                PROVIDE (__preinit_array_end = .)
                0x0000000008002a54                . = ALIGN (0x4)

.init_array     0x0000000008002a54        0x4
                0x0000000008002a54                . = ALIGN (0x4)
                0x0000000008002a54                PROVIDE (__init_array_start = .)
 *(SORT_BY_NAME(.init_array.*))
 *(.init_array*)
 .init_array    0x0000000008002a54        0x4 c:/st/stm32cubeide_1.7.0/stm32cubeide/plugins/com.st.stm32cube.ide.mcu.externaltools.gnu-tools-for-stm32.10.3-2021.10.win32_1.0.0.202111181127/tools/bin/../lib/gcc/arm-none-eabi/10.3.1/thumb/v7-m/nofp/crtbegin.o
                0x0000000008002a58                PROVIDE (__init_array_end = .)
                0x0000000008002a58                . = ALIGN (0x4)

.fini_array     0x0000000008002a58        0x4
                0x0000000008002a58                . = ALIGN (0x4)
                [!provide]                        PROVIDE (__fini_array_start = .)
 *(SORT_BY_NAME(.fini_array.*))
 *(.fini_array*)
 .fini_array    0x0000000008002a58        0x4 c:/st/stm32cubeide_1.7.0/stm32cubeide/plugins/com.st.stm32cube.ide.mcu.externaltools.gnu-tools-for-stm32.10.3-2021.10.win32_1.0.0.202111181127/tools/bin/../lib/gcc/arm-none-eabi/10.3.1/thumb/v7-m/nofp/crtbegin.o
                [!provide]                        PROVIDE (__fini_array_end = .)
                0x0000000008002a5c                . = ALIGN (0x4)
                0x0000000008002a5c                _sidata = LOADADDR (.data)

.data           0x0000000020000000        0xc load address 0x0000000008002a5c
                0x0000000020000000                . = ALIGN (0x4)
                0x0000000020000000                _sdata = .
 *(.data)
 *(.data*)
 .data.SystemCoreClock
                0x0000000020000000        0x4 ./Core/Src/system_stm32f1xx.o
                0x0000000020000000                SystemCoreClock
 .data.uwTickPrio
                0x0000000020000004        0x4 ./Drivers/STM32F1xx_HAL_Driver/Src/stm32f1xx_hal.o
                0x0000000020000004                uwTickPrio
 .data.uwTickFreq
                0x0000000020000008        0x1 ./Drivers/STM32F1xx_HAL_Driver/Src/stm32f1xx_hal.o
                0x0000000020000008                uwTickFreq
 *(.RamFunc)
 *(.RamFunc*)
                0x000000002000000c                . = ALIGN (0x4)
 *fill*         0x0000000020000009        0x3 
                0x000000002000000c                _edata = .

.igot.plt       0x000000002000000c        0x0 load address 0x0000000008002a68
 .igot.plt      0x000000002000000c        0x0 c:/st/stm32cubeide_1.7.0/stm32cubeide/plugins/com.st.stm32cube.ide.mcu.externaltools.gnu-tools-for-stm32.10.3-2021.10.win32_1.0.0.202111181127/tools/bin/../lib/gcc/arm-none-eabi/10.3.1/thumb/v7-m/nofp/crtbegin.o
                0x000000002000000c                . = ALIGN (0x4)

.bss            0x000000002000000c      0x3f4 load address 0x0000000008002a68
                0x000000002000000c                _sbss = .
                0x000000002000000c                __bss_start__ = _sbss
 *(.bss)
 .bss           0x000000002000000c       0x1c c:/st/stm32cubeide_1.7.0/stm32cubeide/plugins/com.st.stm32cube.ide.mcu.externaltools.gnu-tools-for-stm32.10.3-2021.10.win32_1.0.0.202111181127/tools/bin/../lib/gcc/arm-none-eabi/10.3.1/thumb/v7-m/nofp/crtbegin.o
 *(.bss*)
 .bss.counter1  0x0000000020000028        0x4 ./Core/Src/global.o
                0x0000000020000028                counter1
 .bss.red_duration
                0x000000002000002c        0x4 ./Core/Src/global.o
                0x000000002000002c                red_duration
 .bss.green_duration
                0x0000000020000030        0x4 ./Core/Src/global.o
                0x0000000020000030                green_duration
 .bss.yellow_duration
                0x0000000020000034        0x4 ./Core/Src/global.o
                0x0000000020000034                yellow_duration
 .bss.button_flag
                0x0000000020000038        0xc ./Core/Src/input_reading.o
                0x0000000020000038                button_flag
 .bss.htim2     0x0000000020000044       0x48 ./Core/Src/main.o
                0x0000000020000044                htim2
 .bss.huart2    0x000000002000008c       0x44 ./Core/Src/main.o
                0x000000002000008c                huart2
 .bss.SCH_tasks_G
                0x00000000200000d0      0x320 ./Core/Src/scheduler.o
                0x00000000200000d0                SCH_tasks_G
 .bss.current_index_task
                0x00000000200003f0        0x1 ./Core/Src/scheduler.o
                0x00000000200003f0                current_index_task
 *fill*         0x00000000200003f1        0x3 
 .bss.timer1_flag
                0x00000000200003f4        0x4 ./Core/Src/software_timer.o
                0x00000000200003f4                timer1_flag
 .bss.timer1_counter
                0x00000000200003f8        0x4 ./Core/Src/software_timer.o
                0x00000000200003f8                timer1_counter
 .bss.uwTick    0x00000000200003fc        0x4 ./Drivers/STM32F1xx_HAL_Driver/Src/stm32f1xx_hal.o
                0x00000000200003fc                uwTick
 *(COMMON)
                0x0000000020000400                . = ALIGN (0x4)
                0x0000000020000400                _ebss = .
                0x0000000020000400                __bss_end__ = _ebss

._user_heap_stack
                0x0000000020000400      0x600 load address 0x0000000008002a68
                0x0000000020000400                . = ALIGN (0x8)
                [!provide]                        PROVIDE (end = .)
                0x0000000020000400                PROVIDE (_end = .)
                0x0000000020000600                . = (. + _Min_Heap_Size)
 *fill*         0x0000000020000400      0x200 
                0x0000000020000a00                . = (. + _Min_Stack_Size)
 *fill*         0x0000000020000600      0x400 
                0x0000000020000a00                . = ALIGN (0x8)

/DISCARD/
 libc.a(*)
 libm.a(*)
 libgcc.a(*)

.ARM.attributes
                0x0000000000000000       0x29
 *(.ARM.attributes)
 .ARM.attributes
                0x0000000000000000       0x1d c:/st/stm32cubeide_1.7.0/stm32cubeide/plugins/com.st.stm32cube.ide.mcu.externaltools.gnu-tools-for-stm32.10.3-2021.10.win32_1.0.0.202111181127/tools/bin/../lib/gcc/arm-none-eabi/10.3.1/thumb/v7-m/nofp/crti.o
 .ARM.attributes
                0x000000000000001d       0x2d c:/st/stm32cubeide_1.7.0/stm32cubeide/plugins/com.st.stm32cube.ide.mcu.externaltools.gnu-tools-for-stm32.10.3-2021.10.win32_1.0.0.202111181127/tools/bin/../lib/gcc/arm-none-eabi/10.3.1/thumb/v7-m/nofp/crtbegin.o
 .ARM.attributes
                0x000000000000004a       0x2d ./Core/Src/fsm_traffic_light.o
 .ARM.attributes
                0x0000000000000077       0x2d ./Core/Src/global.o
 .ARM.attributes
                0x00000000000000a4       0x2d ./Core/Src/hardware_layer.o
 .ARM.attributes
                0x00000000000000d1       0x2d ./Core/Src/input_reading.o
 .ARM.attributes
                0x00000000000000fe       0x2d ./Core/Src/main.o
 .ARM.attributes
                0x000000000000012b       0x2d ./Core/Src/scheduler.o
 .ARM.attributes
                0x0000000000000158       0x2d ./Core/Src/software_timer.o
 .ARM.attributes
                0x0000000000000185       0x2d ./Core/Src/stm32f1xx_hal_msp.o
 .ARM.attributes
                0x00000000000001b2       0x2d ./Core/Src/stm32f1xx_it.o
 .ARM.attributes
                0x00000000000001df       0x2d ./Core/Src/system_stm32f1xx.o
 .ARM.attributes
                0x000000000000020c       0x21 ./Core/Startup/startup_stm32f103c6tx.o
 .ARM.attributes
                0x000000000000022d       0x2d ./Drivers/STM32F1xx_HAL_Driver/Src/stm32f1xx_hal.o
 .ARM.attributes
                0x000000000000025a       0x2d ./Drivers/STM32F1xx_HAL_Driver/Src/stm32f1xx_hal_cortex.o
 .ARM.attributes
                0x0000000000000287       0x2d ./Drivers/STM32F1xx_HAL_Driver/Src/stm32f1xx_hal_dma.o
 .ARM.attributes
                0x00000000000002b4       0x2d ./Drivers/STM32F1xx_HAL_Driver/Src/stm32f1xx_hal_gpio.o
 .ARM.attributes
                0x00000000000002e1       0x2d ./Drivers/STM32F1xx_HAL_Driver/Src/stm32f1xx_hal_rcc.o
 .ARM.attributes
                0x000000000000030e       0x2d ./Drivers/STM32F1xx_HAL_Driver/Src/stm32f1xx_hal_tim.o
 .ARM.attributes
                0x000000000000033b       0x2d ./Drivers/STM32F1xx_HAL_Driver/Src/stm32f1xx_hal_tim_ex.o
 .ARM.attributes
                0x0000000000000368       0x2d ./Drivers/STM32F1xx_HAL_Driver/Src/stm32f1xx_hal_uart.o
 .ARM.attributes
                0x0000000000000395       0x2d c:/st/stm32cubeide_1.7.0/stm32cubeide/plugins/com.st.stm32cube.ide.mcu.externaltools.gnu-tools-for-stm32.10.3-2021.10.win32_1.0.0.202111181127/tools/bin/../lib/gcc/arm-none-eabi/10.3.1/../../../../arm-none-eabi/lib/thumb/v7-m/nofp\libc_nano.a(lib_a-init.o)
 .ARM.attributes
                0x00000000000003c2       0x2d c:/st/stm32cubeide_1.7.0/stm32cubeide/plugins/com.st.stm32cube.ide.mcu.externaltools.gnu-tools-for-stm32.10.3-2021.10.win32_1.0.0.202111181127/tools/bin/../lib/gcc/arm-none-eabi/10.3.1/../../../../arm-none-eabi/lib/thumb/v7-m/nofp\libc_nano.a(lib_a-memset.o)
 .ARM.attributes
                0x00000000000003ef       0x1d c:/st/stm32cubeide_1.7.0/stm32cubeide/plugins/com.st.stm32cube.ide.mcu.externaltools.gnu-tools-for-stm32.10.3-2021.10.win32_1.0.0.202111181127/tools/bin/../lib/gcc/arm-none-eabi/10.3.1/thumb/v7-m/nofp/crtn.o
OUTPUT(final_project_test.elf elf32-littlearm)
LOAD linker stubs
LOAD c:/st/stm32cubeide_1.7.0/stm32cubeide/plugins/com.st.stm32cube.ide.mcu.externaltools.gnu-tools-for-stm32.10.3-2021.10.win32_1.0.0.202111181127/tools/bin/../lib/gcc/arm-none-eabi/10.3.1/../../../../arm-none-eabi/lib/thumb/v7-m/nofp\libc.a
LOAD c:/st/stm32cubeide_1.7.0/stm32cubeide/plugins/com.st.stm32cube.ide.mcu.externaltools.gnu-tools-for-stm32.10.3-2021.10.win32_1.0.0.202111181127/tools/bin/../lib/gcc/arm-none-eabi/10.3.1/../../../../arm-none-eabi/lib/thumb/v7-m/nofp\libm.a
LOAD c:/st/stm32cubeide_1.7.0/stm32cubeide/plugins/com.st.stm32cube.ide.mcu.externaltools.gnu-tools-for-stm32.10.3-2021.10.win32_1.0.0.202111181127/tools/bin/../lib/gcc/arm-none-eabi/10.3.1/thumb/v7-m/nofp\libgcc.a

.debug_info     0x0000000000000000     0xae11
 .debug_info    0x0000000000000000      0x1b1 ./Core/Src/fsm_traffic_light.o
 .debug_info    0x00000000000001b1       0xab ./Core/Src/global.o
 .debug_info    0x000000000000025c      0x1ff ./Core/Src/hardware_layer.o
 .debug_info    0x000000000000045b      0x290 ./Core/Src/input_reading.o
 .debug_info    0x00000000000006eb      0xec9 ./Core/Src/main.o
 .debug_info    0x00000000000015b4      0x1df ./Core/Src/scheduler.o
 .debug_info    0x0000000000001793      0x12d ./Core/Src/software_timer.o
 .debug_info    0x00000000000018c0      0xcd4 ./Core/Src/stm32f1xx_hal_msp.o
 .debug_info    0x0000000000002594      0x989 ./Core/Src/stm32f1xx_it.o
 .debug_info    0x0000000000002f1d      0x23d ./Core/Src/system_stm32f1xx.o
 .debug_info    0x000000000000315a       0x22 ./Core/Startup/startup_stm32f103c6tx.o
 .debug_info    0x000000000000317c      0x716 ./Drivers/STM32F1xx_HAL_Driver/Src/stm32f1xx_hal.o
 .debug_info    0x0000000000003892      0xb02 ./Drivers/STM32F1xx_HAL_Driver/Src/stm32f1xx_hal_cortex.o
 .debug_info    0x0000000000004394      0x73f ./Drivers/STM32F1xx_HAL_Driver/Src/stm32f1xx_hal_dma.o
 .debug_info    0x0000000000004ad3      0x615 ./Drivers/STM32F1xx_HAL_Driver/Src/stm32f1xx_hal_gpio.o
 .debug_info    0x00000000000050e8      0x860 ./Drivers/STM32F1xx_HAL_Driver/Src/stm32f1xx_hal_rcc.o
 .debug_info    0x0000000000005948     0x29de ./Drivers/STM32F1xx_HAL_Driver/Src/stm32f1xx_hal_tim.o
 .debug_info    0x0000000000008326     0x1513 ./Drivers/STM32F1xx_HAL_Driver/Src/stm32f1xx_hal_tim_ex.o
 .debug_info    0x0000000000009839     0x15d8 ./Drivers/STM32F1xx_HAL_Driver/Src/stm32f1xx_hal_uart.o

.debug_abbrev   0x0000000000000000     0x1f1f
 .debug_abbrev  0x0000000000000000       0xec ./Core/Src/fsm_traffic_light.o
 .debug_abbrev  0x00000000000000ec       0x40 ./Core/Src/global.o
 .debug_abbrev  0x000000000000012c      0x114 ./Core/Src/hardware_layer.o
 .debug_abbrev  0x0000000000000240      0x187 ./Core/Src/input_reading.o
 .debug_abbrev  0x00000000000003c7      0x2b4 ./Core/Src/main.o
 .debug_abbrev  0x000000000000067b      0x100 ./Core/Src/scheduler.o
 .debug_abbrev  0x000000000000077b       0x8b ./Core/Src/software_timer.o
 .debug_abbrev  0x0000000000000806      0x1c5 ./Core/Src/stm32f1xx_hal_msp.o
 .debug_abbrev  0x00000000000009cb      0x184 ./Core/Src/stm32f1xx_it.o
 .debug_abbrev  0x0000000000000b4f      0x13b ./Core/Src/system_stm32f1xx.o
 .debug_abbrev  0x0000000000000c8a       0x12 ./Core/Startup/startup_stm32f103c6tx.o
 .debug_abbrev  0x0000000000000c9c      0x1fb ./Drivers/STM32F1xx_HAL_Driver/Src/stm32f1xx_hal.o
 .debug_abbrev  0x0000000000000e97      0x2ed ./Drivers/STM32F1xx_HAL_Driver/Src/stm32f1xx_hal_cortex.o
 .debug_abbrev  0x0000000000001184      0x1fe ./Drivers/STM32F1xx_HAL_Driver/Src/stm32f1xx_hal_dma.o
 .debug_abbrev  0x0000000000001382      0x1bb ./Drivers/STM32F1xx_HAL_Driver/Src/stm32f1xx_hal_gpio.o
 .debug_abbrev  0x000000000000153d      0x2a8 ./Drivers/STM32F1xx_HAL_Driver/Src/stm32f1xx_hal_rcc.o
 .debug_abbrev  0x00000000000017e5      0x25d ./Drivers/STM32F1xx_HAL_Driver/Src/stm32f1xx_hal_tim.o
 .debug_abbrev  0x0000000000001a42      0x265 ./Drivers/STM32F1xx_HAL_Driver/Src/stm32f1xx_hal_tim_ex.o
 .debug_abbrev  0x0000000000001ca7      0x278 ./Drivers/STM32F1xx_HAL_Driver/Src/stm32f1xx_hal_uart.o

.debug_aranges  0x0000000000000000      0xce8
 .debug_aranges
                0x0000000000000000       0x40 ./Core/Src/fsm_traffic_light.o
 .debug_aranges
                0x0000000000000040       0x18 ./Core/Src/global.o
 .debug_aranges
                0x0000000000000058       0x30 ./Core/Src/hardware_layer.o
 .debug_aranges
                0x0000000000000088       0x28 ./Core/Src/input_reading.o
 .debug_aranges
                0x00000000000000b0       0x50 ./Core/Src/main.o
 .debug_aranges
                0x0000000000000100       0x30 ./Core/Src/scheduler.o
 .debug_aranges
                0x0000000000000130       0x38 ./Core/Src/software_timer.o
 .debug_aranges
                0x0000000000000168       0x40 ./Core/Src/stm32f1xx_hal_msp.o
 .debug_aranges
                0x00000000000001a8       0x70 ./Core/Src/stm32f1xx_it.o
 .debug_aranges
                0x0000000000000218       0x28 ./Core/Src/system_stm32f1xx.o
 .debug_aranges
                0x0000000000000240       0x28 ./Core/Startup/startup_stm32f103c6tx.o
 .debug_aranges
                0x0000000000000268       0xe0 ./Drivers/STM32F1xx_HAL_Driver/Src/stm32f1xx_hal.o
 .debug_aranges
                0x0000000000000348      0x100 ./Drivers/STM32F1xx_HAL_Driver/Src/stm32f1xx_hal_cortex.o
 .debug_aranges
                0x0000000000000448       0x80 ./Drivers/STM32F1xx_HAL_Driver/Src/stm32f1xx_hal_dma.o
 .debug_aranges
                0x00000000000004c8       0x58 ./Drivers/STM32F1xx_HAL_Driver/Src/stm32f1xx_hal_gpio.o
 .debug_aranges
                0x0000000000000520       0x90 ./Drivers/STM32F1xx_HAL_Driver/Src/stm32f1xx_hal_rcc.o
 .debug_aranges
                0x00000000000005b0      0x3d0 ./Drivers/STM32F1xx_HAL_Driver/Src/stm32f1xx_hal_tim.o
 .debug_aranges
                0x0000000000000980      0x168 ./Drivers/STM32F1xx_HAL_Driver/Src/stm32f1xx_hal_tim_ex.o
 .debug_aranges
                0x0000000000000ae8      0x200 ./Drivers/STM32F1xx_HAL_Driver/Src/stm32f1xx_hal_uart.o

.debug_ranges   0x0000000000000000      0xbe8
 .debug_ranges  0x0000000000000000       0x30 ./Core/Src/fsm_traffic_light.o
 .debug_ranges  0x0000000000000030       0x20 ./Core/Src/hardware_layer.o
 .debug_ranges  0x0000000000000050       0x18 ./Core/Src/input_reading.o
 .debug_ranges  0x0000000000000068       0x40 ./Core/Src/main.o
 .debug_ranges  0x00000000000000a8       0x20 ./Core/Src/scheduler.o
 .debug_ranges  0x00000000000000c8       0x28 ./Core/Src/software_timer.o
 .debug_ranges  0x00000000000000f0       0x30 ./Core/Src/stm32f1xx_hal_msp.o
 .debug_ranges  0x0000000000000120       0x60 ./Core/Src/stm32f1xx_it.o
 .debug_ranges  0x0000000000000180       0x18 ./Core/Src/system_stm32f1xx.o
 .debug_ranges  0x0000000000000198       0x20 ./Core/Startup/startup_stm32f103c6tx.o
 .debug_ranges  0x00000000000001b8       0xd0 ./Drivers/STM32F1xx_HAL_Driver/Src/stm32f1xx_hal.o
 .debug_ranges  0x0000000000000288       0xf0 ./Drivers/STM32F1xx_HAL_Driver/Src/stm32f1xx_hal_cortex.o
 .debug_ranges  0x0000000000000378       0x70 ./Drivers/STM32F1xx_HAL_Driver/Src/stm32f1xx_hal_dma.o
 .debug_ranges  0x00000000000003e8       0x48 ./Drivers/STM32F1xx_HAL_Driver/Src/stm32f1xx_hal_gpio.o
 .debug_ranges  0x0000000000000430       0x80 ./Drivers/STM32F1xx_HAL_Driver/Src/stm32f1xx_hal_rcc.o
 .debug_ranges  0x00000000000004b0      0x3c0 ./Drivers/STM32F1xx_HAL_Driver/Src/stm32f1xx_hal_tim.o
 .debug_ranges  0x0000000000000870      0x158 ./Drivers/STM32F1xx_HAL_Driver/Src/stm32f1xx_hal_tim_ex.o
 .debug_ranges  0x00000000000009c8      0x220 ./Drivers/STM32F1xx_HAL_Driver/Src/stm32f1xx_hal_uart.o

.debug_macro    0x0000000000000000    0x181c3
 .debug_macro   0x0000000000000000      0x34f ./Core/Src/fsm_traffic_light.o
 .debug_macro   0x000000000000034f      0xa6c ./Core/Src/fsm_traffic_light.o
 .debug_macro   0x0000000000000dbb       0x4c ./Core/Src/fsm_traffic_light.o
 .debug_macro   0x0000000000000e07       0x22 ./Core/Src/fsm_traffic_light.o
 .debug_macro   0x0000000000000e29       0x8e ./Core/Src/fsm_traffic_light.o
 .debug_macro   0x0000000000000eb7       0x51 ./Core/Src/fsm_traffic_light.o
 .debug_macro   0x0000000000000f08      0x103 ./Core/Src/fsm_traffic_light.o
 .debug_macro   0x000000000000100b       0x6a ./Core/Src/fsm_traffic_light.o
 .debug_macro   0x0000000000001075      0x1df ./Core/Src/fsm_traffic_light.o
 .debug_macro   0x0000000000001254       0x1c ./Core/Src/fsm_traffic_light.o
 .debug_macro   0x0000000000001270       0x10 ./Core/Src/fsm_traffic_light.o
 .debug_macro   0x0000000000001280       0x52 ./Core/Src/fsm_traffic_light.o
 .debug_macro   0x00000000000012d2       0x18 ./Core/Src/fsm_traffic_light.o
 .debug_macro   0x00000000000012ea       0x3c ./Core/Src/fsm_traffic_light.o
 .debug_macro   0x0000000000001326       0x34 ./Core/Src/fsm_traffic_light.o
 .debug_macro   0x000000000000135a       0x16 ./Core/Src/fsm_traffic_light.o
 .debug_macro   0x0000000000001370       0x97 ./Core/Src/fsm_traffic_light.o
 .debug_macro   0x0000000000001407      0x341 ./Core/Src/fsm_traffic_light.o
 .debug_macro   0x0000000000001748       0xfd ./Core/Src/fsm_traffic_light.o
 .debug_macro   0x0000000000001845       0x10 ./Core/Src/fsm_traffic_light.o
 .debug_macro   0x0000000000001855       0x16 ./Core/Src/fsm_traffic_light.o
 .debug_macro   0x000000000000186b       0x43 ./Core/Src/fsm_traffic_light.o
 .debug_macro   0x00000000000018ae       0x34 ./Core/Src/fsm_traffic_light.o
 .debug_macro   0x00000000000018e2       0x10 ./Core/Src/fsm_traffic_light.o
 .debug_macro   0x00000000000018f2       0x58 ./Core/Src/fsm_traffic_light.o
 .debug_macro   0x000000000000194a       0x71 ./Core/Src/fsm_traffic_light.o
 .debug_macro   0x00000000000019bb       0x1c ./Core/Src/fsm_traffic_light.o
 .debug_macro   0x00000000000019d7      0x12a ./Core/Src/fsm_traffic_light.o
 .debug_macro   0x0000000000001b01       0x10 ./Core/Src/fsm_traffic_light.o
 .debug_macro   0x0000000000001b11       0x1c ./Core/Src/fsm_traffic_light.o
 .debug_macro   0x0000000000001b2d       0x52 ./Core/Src/fsm_traffic_light.o
 .debug_macro   0x0000000000001b7f       0x22 ./Core/Src/fsm_traffic_light.o
 .debug_macro   0x0000000000001ba1       0x10 ./Core/Src/fsm_traffic_light.o
 .debug_macro   0x0000000000001bb1       0x52 ./Core/Src/fsm_traffic_light.o
 .debug_macro   0x0000000000001c03       0xd5 ./Core/Src/fsm_traffic_light.o
 .debug_macro   0x0000000000001cd8       0x1c ./Core/Src/fsm_traffic_light.o
 .debug_macro   0x0000000000001cf4       0x3d ./Core/Src/fsm_traffic_light.o
 .debug_macro   0x0000000000001d31       0x16 ./Core/Src/fsm_traffic_light.o
 .debug_macro   0x0000000000001d47      0x145 ./Core/Src/fsm_traffic_light.o
 .debug_macro   0x0000000000001e8c      0x21b ./Core/Src/fsm_traffic_light.o
 .debug_macro   0x00000000000020a7       0x2e ./Core/Src/fsm_traffic_light.o
 .debug_macro   0x00000000000020d5       0x22 ./Core/Src/fsm_traffic_light.o
 .debug_macro   0x00000000000020f7       0x1c ./Core/Src/fsm_traffic_light.o
 .debug_macro   0x0000000000002113       0x22 ./Core/Src/fsm_traffic_light.o
 .debug_macro   0x0000000000002135       0xbd ./Core/Src/fsm_traffic_light.o
 .debug_macro   0x00000000000021f2      0xd23 ./Core/Src/fsm_traffic_light.o
 .debug_macro   0x0000000000002f15     0xde75 ./Core/Src/fsm_traffic_light.o
 .debug_macro   0x0000000000010d8a       0x6d ./Core/Src/fsm_traffic_light.o
 .debug_macro   0x0000000000010df7     0x3468 ./Core/Src/fsm_traffic_light.o
 .debug_macro   0x000000000001425f       0x56 ./Core/Src/fsm_traffic_light.o
 .debug_macro   0x00000000000142b5      0x5be ./Core/Src/fsm_traffic_light.o
 .debug_macro   0x0000000000014873      0x1b7 ./Core/Src/fsm_traffic_light.o
 .debug_macro   0x0000000000014a2a      0x1cb ./Core/Src/fsm_traffic_light.o
 .debug_macro   0x0000000000014bf5      0x114 ./Core/Src/fsm_traffic_light.o
 .debug_macro   0x0000000000014d09      0x1b2 ./Core/Src/fsm_traffic_light.o
 .debug_macro   0x0000000000014ebb       0x27 ./Core/Src/fsm_traffic_light.o
 .debug_macro   0x0000000000014ee2      0x12f ./Core/Src/fsm_traffic_light.o
 .debug_macro   0x0000000000015011      0x1bc ./Core/Src/fsm_traffic_light.o
 .debug_macro   0x00000000000151cd       0x34 ./Core/Src/fsm_traffic_light.o
 .debug_macro   0x0000000000015201       0x3c ./Core/Src/fsm_traffic_light.o
 .debug_macro   0x000000000001523d       0x57 ./Core/Src/fsm_traffic_light.o
 .debug_macro   0x0000000000015294       0x88 ./Core/Src/fsm_traffic_light.o
 .debug_macro   0x000000000001531c      0x183 ./Core/Src/fsm_traffic_light.o
 .debug_macro   0x000000000001549f      0x141 ./Core/Src/fsm_traffic_light.o
 .debug_macro   0x00000000000155e0      0x8d1 ./Core/Src/fsm_traffic_light.o
 .debug_macro   0x0000000000015eb1      0x279 ./Core/Src/fsm_traffic_light.o
 .debug_macro   0x000000000001612a       0x69 ./Core/Src/fsm_traffic_light.o
 .debug_macro   0x0000000000016193       0x88 ./Core/Src/fsm_traffic_light.o
 .debug_macro   0x000000000001621b       0x1a ./Core/Src/global.o
 .debug_macro   0x0000000000016235      0x31a ./Core/Src/hardware_layer.o
 .debug_macro   0x000000000001654f      0x174 ./Core/Src/hardware_layer.o
 .debug_macro   0x00000000000166c3       0x5c ./Core/Src/hardware_layer.o
 .debug_macro   0x000000000001671f       0x35 ./Core/Src/hardware_layer.o
 .debug_macro   0x0000000000016754      0x25f ./Core/Src/input_reading.o
 .debug_macro   0x00000000000169b3       0x4c ./Core/Src/input_reading.o
 .debug_macro   0x00000000000169ff       0x94 ./Core/Src/input_reading.o
 .debug_macro   0x0000000000016a93       0x57 ./Core/Src/input_reading.o
 .debug_macro   0x0000000000016aea      0x19b ./Core/Src/input_reading.o
 .debug_macro   0x0000000000016c85      0x1e0 ./Core/Src/main.o
 .debug_macro   0x0000000000016e65       0x10 ./Core/Src/main.o
 .debug_macro   0x0000000000016e75       0x73 ./Core/Src/scheduler.o
 .debug_macro   0x0000000000016ee8       0x1a ./Core/Src/software_timer.o
 .debug_macro   0x0000000000016f02      0x1b1 ./Core/Src/stm32f1xx_hal_msp.o
 .debug_macro   0x00000000000170b3      0x1bb ./Core/Src/stm32f1xx_it.o
 .debug_macro   0x000000000001726e      0x1a2 ./Core/Src/system_stm32f1xx.o
 .debug_macro   0x0000000000017410      0x1c6 ./Drivers/STM32F1xx_HAL_Driver/Src/stm32f1xx_hal.o
 .debug_macro   0x00000000000175d6      0x1a2 ./Drivers/STM32F1xx_HAL_Driver/Src/stm32f1xx_hal_cortex.o
 .debug_macro   0x0000000000017778      0x1a2 ./Drivers/STM32F1xx_HAL_Driver/Src/stm32f1xx_hal_dma.o
 .debug_macro   0x000000000001791a      0x20d ./Drivers/STM32F1xx_HAL_Driver/Src/stm32f1xx_hal_gpio.o
 .debug_macro   0x0000000000017b27      0x1b4 ./Drivers/STM32F1xx_HAL_Driver/Src/stm32f1xx_hal_rcc.o
 .debug_macro   0x0000000000017cdb      0x1a3 ./Drivers/STM32F1xx_HAL_Driver/Src/stm32f1xx_hal_tim.o
 .debug_macro   0x0000000000017e7e      0x1a2 ./Drivers/STM32F1xx_HAL_Driver/Src/stm32f1xx_hal_tim_ex.o
 .debug_macro   0x0000000000018020      0x1a3 ./Drivers/STM32F1xx_HAL_Driver/Src/stm32f1xx_hal_uart.o

.debug_line     0x0000000000000000     0xdab1
 .debug_line    0x0000000000000000      0x98f ./Core/Src/fsm_traffic_light.o
 .debug_line    0x000000000000098f       0x4d ./Core/Src/global.o
 .debug_line    0x00000000000009dc      0x891 ./Core/Src/hardware_layer.o
 .debug_line    0x000000000000126d      0x846 ./Core/Src/input_reading.o
 .debug_line    0x0000000000001ab3      0x82b ./Core/Src/main.o
 .debug_line    0x00000000000022de      0x442 ./Core/Src/scheduler.o
 .debug_line    0x0000000000002720       0xeb ./Core/Src/software_timer.o
 .debug_line    0x000000000000280b      0x6fe ./Core/Src/stm32f1xx_hal_msp.o
 .debug_line    0x0000000000002f09      0x760 ./Core/Src/stm32f1xx_it.o
 .debug_line    0x0000000000003669      0x6ec ./Core/Src/system_stm32f1xx.o
 .debug_line    0x0000000000003d55       0x87 ./Core/Startup/startup_stm32f103c6tx.o
 .debug_line    0x0000000000003ddc      0x919 ./Drivers/STM32F1xx_HAL_Driver/Src/stm32f1xx_hal.o
 .debug_line    0x00000000000046f5      0xb01 ./Drivers/STM32F1xx_HAL_Driver/Src/stm32f1xx_hal_cortex.o
 .debug_line    0x00000000000051f6      0xd71 ./Drivers/STM32F1xx_HAL_Driver/Src/stm32f1xx_hal_dma.o
 .debug_line    0x0000000000005f67      0x99b ./Drivers/STM32F1xx_HAL_Driver/Src/stm32f1xx_hal_gpio.o
 .debug_line    0x0000000000006902      0xd27 ./Drivers/STM32F1xx_HAL_Driver/Src/stm32f1xx_hal_rcc.o
 .debug_line    0x0000000000007629     0x3285 ./Drivers/STM32F1xx_HAL_Driver/Src/stm32f1xx_hal_tim.o
 .debug_line    0x000000000000a8ae     0x180f ./Drivers/STM32F1xx_HAL_Driver/Src/stm32f1xx_hal_tim_ex.o
 .debug_line    0x000000000000c0bd     0x19f4 ./Drivers/STM32F1xx_HAL_Driver/Src/stm32f1xx_hal_uart.o

.debug_str      0x0000000000000000    0x88b02
 .debug_str     0x0000000000000000    0x84cfa ./Core/Src/fsm_traffic_light.o
                                      0x85030 (size before relaxing)
 .debug_str     0x0000000000084cfa       0x1e ./Core/Src/global.o
                                       0x2d82 (size before relaxing)
 .debug_str     0x0000000000084d18       0x91 ./Core/Src/hardware_layer.o
                                      0x84ee3 (size before relaxing)
 .debug_str     0x0000000000084da9      0x897 ./Core/Src/input_reading.o
                                      0x847af (size before relaxing)
 .debug_str     0x0000000000085640      0x99e ./Core/Src/main.o
                                      0x81cde (size before relaxing)
 .debug_str     0x0000000000085fde       0x61 ./Core/Src/scheduler.o
                                       0x3ca4 (size before relaxing)
 .debug_str     0x000000000008603f       0x5c ./Core/Src/software_timer.o
                                       0x2d4e (size before relaxing)
 .debug_str     0x000000000008609b      0x30c ./Core/Src/stm32f1xx_hal_msp.o
                                      0x81b7d (size before relaxing)
 .debug_str     0x00000000000863a7      0x112 ./Core/Src/stm32f1xx_it.o
                                      0x81888 (size before relaxing)
 .debug_str     0x00000000000864b9       0x7e ./Core/Src/system_stm32f1xx.o
                                      0x80f5a (size before relaxing)
 .debug_str     0x0000000000086537       0x36 ./Core/Startup/startup_stm32f103c6tx.o
                                         0x94 (size before relaxing)
 .debug_str     0x000000000008656d      0x38e ./Drivers/STM32F1xx_HAL_Driver/Src/stm32f1xx_hal.o
                                      0x81653 (size before relaxing)
 .debug_str     0x00000000000868fb      0x29e ./Drivers/STM32F1xx_HAL_Driver/Src/stm32f1xx_hal_cortex.o
                                      0x8159f (size before relaxing)
 .debug_str     0x0000000000086b99      0x235 ./Drivers/STM32F1xx_HAL_Driver/Src/stm32f1xx_hal_dma.o
                                      0x81303 (size before relaxing)
 .debug_str     0x0000000000086dce      0x2f4 ./Drivers/STM32F1xx_HAL_Driver/Src/stm32f1xx_hal_gpio.o
                                      0x812e0 (size before relaxing)
 .debug_str     0x00000000000870c2      0x229 ./Drivers/STM32F1xx_HAL_Driver/Src/stm32f1xx_hal_rcc.o
                                      0x81389 (size before relaxing)
 .debug_str     0x00000000000872eb      0xdb9 ./Drivers/STM32F1xx_HAL_Driver/Src/stm32f1xx_hal_tim.o
                                      0x82374 (size before relaxing)
 .debug_str     0x00000000000880a4      0x493 ./Drivers/STM32F1xx_HAL_Driver/Src/stm32f1xx_hal_tim_ex.o
                                      0x81b90 (size before relaxing)
 .debug_str     0x0000000000088537      0x5cb ./Drivers/STM32F1xx_HAL_Driver/Src/stm32f1xx_hal_uart.o
                                      0x81994 (size before relaxing)

.comment        0x0000000000000000       0x50
 .comment       0x0000000000000000       0x50 ./Core/Src/fsm_traffic_light.o
                                         0x51 (size before relaxing)
 .comment       0x0000000000000050       0x51 ./Core/Src/global.o
 .comment       0x0000000000000050       0x51 ./Core/Src/hardware_layer.o
 .comment       0x0000000000000050       0x51 ./Core/Src/input_reading.o
 .comment       0x0000000000000050       0x51 ./Core/Src/main.o
 .comment       0x0000000000000050       0x51 ./Core/Src/scheduler.o
 .comment       0x0000000000000050       0x51 ./Core/Src/software_timer.o
 .comment       0x0000000000000050       0x51 ./Core/Src/stm32f1xx_hal_msp.o
 .comment       0x0000000000000050       0x51 ./Core/Src/stm32f1xx_it.o
 .comment       0x0000000000000050       0x51 ./Core/Src/system_stm32f1xx.o
 .comment       0x0000000000000050       0x51 ./Drivers/STM32F1xx_HAL_Driver/Src/stm32f1xx_hal.o
 .comment       0x0000000000000050       0x51 ./Drivers/STM32F1xx_HAL_Driver/Src/stm32f1xx_hal_cortex.o
 .comment       0x0000000000000050       0x51 ./Drivers/STM32F1xx_HAL_Driver/Src/stm32f1xx_hal_dma.o
 .comment       0x0000000000000050       0x51 ./Drivers/STM32F1xx_HAL_Driver/Src/stm32f1xx_hal_gpio.o
 .comment       0x0000000000000050       0x51 ./Drivers/STM32F1xx_HAL_Driver/Src/stm32f1xx_hal_rcc.o
 .comment       0x0000000000000050       0x51 ./Drivers/STM32F1xx_HAL_Driver/Src/stm32f1xx_hal_tim.o
 .comment       0x0000000000000050       0x51 ./Drivers/STM32F1xx_HAL_Driver/Src/stm32f1xx_hal_tim_ex.o
 .comment       0x0000000000000050       0x51 ./Drivers/STM32F1xx_HAL_Driver/Src/stm32f1xx_hal_uart.o

.debug_frame    0x0000000000000000     0x341c
 .debug_frame   0x0000000000000000       0xa0 ./Core/Src/fsm_traffic_light.o
 .debug_frame   0x00000000000000a0       0x84 ./Core/Src/hardware_layer.o
 .debug_frame   0x0000000000000124       0x5c ./Core/Src/input_reading.o
 .debug_frame   0x0000000000000180       0xf0 ./Core/Src/main.o
 .debug_frame   0x0000000000000270       0x84 ./Core/Src/scheduler.o
 .debug_frame   0x00000000000002f4       0xb0 ./Core/Src/software_timer.o
 .debug_frame   0x00000000000003a4       0xc8 ./Core/Src/stm32f1xx_hal_msp.o
 .debug_frame   0x000000000000046c      0x13c ./Core/Src/stm32f1xx_it.o
 .debug_frame   0x00000000000005a8       0x58 ./Core/Src/system_stm32f1xx.o
 .debug_frame   0x0000000000000600      0x334 ./Drivers/STM32F1xx_HAL_Driver/Src/stm32f1xx_hal.o
 .debug_frame   0x0000000000000934      0x428 ./Drivers/STM32F1xx_HAL_Driver/Src/stm32f1xx_hal_cortex.o
 .debug_frame   0x0000000000000d5c      0x208 ./Drivers/STM32F1xx_HAL_Driver/Src/stm32f1xx_hal_dma.o
 .debug_frame   0x0000000000000f64      0x14c ./Drivers/STM32F1xx_HAL_Driver/Src/stm32f1xx_hal_gpio.o
 .debug_frame   0x00000000000010b0      0x21c ./Drivers/STM32F1xx_HAL_Driver/Src/stm32f1xx_hal_rcc.o
 .debug_frame   0x00000000000012cc     0x11b8 ./Drivers/STM32F1xx_HAL_Driver/Src/stm32f1xx_hal_tim.o
 .debug_frame   0x0000000000002484      0x638 ./Drivers/STM32F1xx_HAL_Driver/Src/stm32f1xx_hal_tim_ex.o
 .debug_frame   0x0000000000002abc      0x914 ./Drivers/STM32F1xx_HAL_Driver/Src/stm32f1xx_hal_uart.o
 .debug_frame   0x00000000000033d0       0x2c c:/st/stm32cubeide_1.7.0/stm32cubeide/plugins/com.st.stm32cube.ide.mcu.externaltools.gnu-tools-for-stm32.10.3-2021.10.win32_1.0.0.202111181127/tools/bin/../lib/gcc/arm-none-eabi/10.3.1/../../../../arm-none-eabi/lib/thumb/v7-m/nofp\libc_nano.a(lib_a-init.o)
 .debug_frame   0x00000000000033fc       0x20 c:/st/stm32cubeide_1.7.0/stm32cubeide/plugins/com.st.stm32cube.ide.mcu.externaltools.gnu-tools-for-stm32.10.3-2021.10.win32_1.0.0.202111181127/tools/bin/../lib/gcc/arm-none-eabi/10.3.1/../../../../arm-none-eabi/lib/thumb/v7-m/nofp\libc_nano.a(lib_a-memset.o)
